Component: ARM Compiler 5.06 update 6 (build 750) Tool: armlink [4d35ed]

==============================================================================

Section Cross References

    system_stm32f4xx.o(i.SystemCoreClockUpdate) refers to system_stm32f4xx.o(.data) for .data
    system_stm32f4xx.o(i.SystemInit) refers to system_stm32f4xx.o(i.SetSysClock) for SetSysClock
    startup_stm32f427x.o(RESET) refers to startup_stm32f427x.o(STACK) for __initial_sp
    startup_stm32f427x.o(RESET) refers to startup_stm32f427x.o(.text) for Reset_Handler
    startup_stm32f427x.o(RESET) refers to stm32f4xx_it.o(i.NMI_Handler) for NMI_Handler
    startup_stm32f427x.o(RESET) refers to stm32f4xx_it.o(i.HardFault_Handler) for HardFault_Handler
    startup_stm32f427x.o(RESET) refers to stm32f4xx_it.o(i.MemManage_Handler) for MemManage_Handler
    startup_stm32f427x.o(RESET) refers to stm32f4xx_it.o(i.BusFault_Handler) for BusFault_Handler
    startup_stm32f427x.o(RESET) refers to stm32f4xx_it.o(i.UsageFault_Handler) for UsageFault_Handler
    startup_stm32f427x.o(RESET) refers to stm32f4xx_it.o(i.DebugMon_Handler) for DebugMon_Handler
    startup_stm32f427x.o(RESET) refers to stm32f4xx_it.o(i.SysTick_Handler) for SysTick_Handler
    startup_stm32f427x.o(RESET) refers to stm32f4xx_it.o(i.EXTI15_10_IRQHandler) for EXTI15_10_IRQHandler
    startup_stm32f427x.o(.text) refers to system_stm32f4xx.o(i.SystemInit) for SystemInit
    startup_stm32f427x.o(.text) refers to entry.o(.ARM.Collect$$$$00000000) for __main
    main.o(i.Delay) refers to main.o(.data) for .data
    main.o(i.LCD_LED_BUTTON_Init) refers to stm324x7i_eval_lcd.o(i.LCD_Init) for LCD_Init
    main.o(i.LCD_LED_BUTTON_Init) refers to stm324x7i_eval.o(i.STM_EVAL_LEDInit) for STM_EVAL_LEDInit
    main.o(i.LCD_LED_BUTTON_Init) refers to stm324x7i_eval.o(i.STM_EVAL_LEDOn) for STM_EVAL_LEDOn
    main.o(i.LCD_LED_BUTTON_Init) refers to stm324x7i_eval_lcd.o(i.LCD_Clear) for LCD_Clear
    main.o(i.LCD_LED_BUTTON_Init) refers to stm324x7i_eval_lcd.o(i.LCD_SetBackColor) for LCD_SetBackColor
    main.o(i.LCD_LED_BUTTON_Init) refers to stm324x7i_eval_lcd.o(i.LCD_SetTextColor) for LCD_SetTextColor
    main.o(i.LCD_LED_BUTTON_Init) refers to stm324x7i_eval_lcd.o(i.LCD_GetFont) for LCD_GetFont
    main.o(i.LCD_LED_BUTTON_Init) refers to stm324x7i_eval_lcd.o(i.LCD_DisplayStringLine) for LCD_DisplayStringLine
    main.o(i.LCD_LED_BUTTON_Init) refers to stm324x7i_eval.o(i.STM_EVAL_PBInit) for STM_EVAL_PBInit
    main.o(i.Time_Update) refers to main.o(.data) for .data
    main.o(i.main) refers to misc.o(i.NVIC_PriorityGroupConfig) for NVIC_PriorityGroupConfig
    main.o(i.main) refers to main.o(i.LCD_LED_BUTTON_Init) for LCD_LED_BUTTON_Init
    main.o(i.main) refers to stm32f4x7_eth_bsp.o(i.ETH_BSP_Config) for ETH_BSP_Config
    main.o(i.main) refers to netconf.o(i.LwIP_Init) for LwIP_Init
    main.o(i.main) refers to stm32f4x7_eth.o(i.ETH_CheckFrameReceived) for ETH_CheckFrameReceived
    main.o(i.main) refers to netconf.o(i.LwIP_Pkt_Handle) for LwIP_Pkt_Handle
    main.o(i.main) refers to netconf.o(i.LwIP_Periodic_Handle) for LwIP_Periodic_Handle
    main.o(i.main) refers to main.o(.data) for .data
    netconf.o(i.LwIP_Init) refers to mem.o(i.mem_init) for mem_init
    netconf.o(i.LwIP_Init) refers to memp.o(i.memp_init) for memp_init
    netconf.o(i.LwIP_Init) refers to netif.o(i.netif_add) for netif_add
    netconf.o(i.LwIP_Init) refers to netif.o(i.netif_set_default) for netif_set_default
    netconf.o(i.LwIP_Init) refers to netif.o(i.netif_set_down) for netif_set_down
    netconf.o(i.LwIP_Init) refers to stm324x7i_eval_lcd.o(i.LCD_SetTextColor) for LCD_SetTextColor
    netconf.o(i.LwIP_Init) refers to stm324x7i_eval_lcd.o(i.LCD_GetFont) for LCD_GetFont
    netconf.o(i.LwIP_Init) refers to stm324x7i_eval_lcd.o(i.LCD_DisplayStringLine) for LCD_DisplayStringLine
    netconf.o(i.LwIP_Init) refers to netif.o(i.netif_set_link_callback) for netif_set_link_callback
    netconf.o(i.LwIP_Init) refers to netif.o(i.netif_set_up) for netif_set_up
    netconf.o(i.LwIP_Init) refers to printf1.o(i.__0sprintf$1) for __2sprintf
    netconf.o(i.LwIP_Init) refers to etharp.o(i.ethernet_input) for ethernet_input
    netconf.o(i.LwIP_Init) refers to ethernetif.o(i.ethernetif_init) for ethernetif_init
    netconf.o(i.LwIP_Init) refers to netconf.o(.bss) for .bss
    netconf.o(i.LwIP_Init) refers to stm32f4x7_eth_bsp.o(.data) for EthStatus
    netconf.o(i.LwIP_Init) refers to stm32f4x7_eth_bsp.o(i.ETH_link_callback) for ETH_link_callback
    netconf.o(i.LwIP_Periodic_Handle) refers to tcp.o(i.tcp_tmr) for tcp_tmr
    netconf.o(i.LwIP_Periodic_Handle) refers to etharp.o(i.etharp_tmr) for etharp_tmr
    netconf.o(i.LwIP_Periodic_Handle) refers to netconf.o(.data) for .data
    netconf.o(i.LwIP_Pkt_Handle) refers to ethernetif.o(i.ethernetif_input) for ethernetif_input
    netconf.o(i.LwIP_Pkt_Handle) refers to netconf.o(.bss) for .bss
[...]
    i.plug_holes                             0x08004010   Section        0  mem.o(i.plug_holes)
    plug_holes                               0x08004011   Thumb Code    78  mem.o(i.plug_holes)
    i.raw_input                              0x08004064   Section        0  raw.o(i.raw_input)
    i.tcp_abandon                            0x080040d8   Section        0  tcp.o(i.tcp_abandon)
    i.tcp_abort                              0x08004164   Section        0  tcp.o(i.tcp_abort)
    i.tcp_alloc                              0x0800416c   Section        0  tcp.o(i.tcp_alloc)
    i.tcp_arg                                0x08004264   Section        0  tcp.o(i.tcp_arg)
    i.tcp_close                              0x08004268   Section        0  tcp.o(i.tcp_close)
    i.tcp_close_shutdown                     0x0800427c   Section        0  tcp.o(i.tcp_close_shutdown)
    tcp_close_shutdown                       0x0800427d   Thumb Code   290  tcp.o(i.tcp_close_shutdown)
    i.tcp_connect                            0x080043a4   Section        0  tcp.o(i.tcp_connect)
    i.tcp_create_segment                     0x08004498   Section        0  tcp_out.o(i.tcp_create_segment)
    tcp_create_segment                       0x08004499   Thumb Code   154  tcp_out.o(i.tcp_create_segment)
    i.tcp_echoclient_connect                 0x08004534   Section        0  tcp_echoclient.o(i.tcp_echoclient_connect)
    i.tcp_echoclient_connected               0x08004568   Section        0  tcp_echoclient.o(i.tcp_echoclient_connected)
    tcp_echoclient_connected                 0x08004569   Thumb Code   148  tcp_echoclient.o(i.tcp_echoclient_connected)
    i.tcp_echoclient_connection_close        0x08004630   Section        0  tcp_echoclient.o(i.tcp_echoclient_connection_close)
    tcp_echoclient_connection_close          0x08004631   Thumb Code    48  tcp_echoclient.o(i.tcp_echoclient_connection_close)
    i.tcp_echoclient_poll                    0x08004660   Section        0  tcp_echoclient.o(i.tcp_echoclient_poll)
    tcp_echoclient_poll                      0x08004661   Thumb Code    48  tcp_echoclient.o(i.tcp_echoclient_poll)
    i.tcp_echoclient_recv                    0x08004690   Section        0  tcp_echoclient.o(i.tcp_echoclient_recv)
    tcp_echoclient_recv                      0x08004691   Thumb Code   104  tcp_echoclient.o(i.tcp_echoclient_recv)
    i.tcp_echoclient_send                    0x080046fc   Section        0  tcp_echoclient.o(i.tcp_echoclient_send)
    tcp_echoclient_send                      0x080046fd   Thumb Code    62  tcp_echoclient.o(i.tcp_echoclient_send)
    i.tcp_echoclient_sent                    0x0800473a   Section        0  tcp_echoclient.o(i.tcp_echoclient_sent)
    tcp_echoclient_sent                      0x0800473b   Thumb Code    20  tcp_echoclient.o(i.tcp_echoclient_sent)
    i.tcp_eff_send_mss                       0x0800474e   Section        0  tcp.o(i.tcp_eff_send_mss)
    i.tcp_enqueue_flags                      0x0800476e   Section        0  tcp_out.o(i.tcp_enqueue_flags)
    i.tcp_fasttmr                            0x08004814   Section        0  tcp.o(i.tcp_fasttmr)
    i.tcp_input                              0x08004874   Section        0  tcp_in.o(i.tcp_input)
    i.tcp_keepalive                          0x08004b88   Section        0  tcp_out.o(i.tcp_keepalive)
    i.tcp_listen_input                       0x08004bc4   Section        0  tcp_in.o(i.tcp_listen_input)
    tcp_listen_input                         0x08004bc5   Thumb Code   208  tcp_in.o(i.tcp_listen_input)
    i.tcp_new                                0x08004ca8   Section        0  tcp.o(i.tcp_new)
    i.tcp_new_port                           0x08004cb0   Section        0  tcp.o(i.tcp_new_port)
    tcp_new_port                             0x08004cb1   Thumb Code    82  tcp.o(i.tcp_new_port)
    i.tcp_next_iss                           0x08004d0c   Section        0  tcp.o(i.tcp_next_iss)
    i.tcp_output                             0x08004d1c   Section        0  tcp_out.o(i.tcp_output)
    i.tcp_output_alloc_header                0x08004ea8   Section        0  tcp_out.o(i.tcp_output_alloc_header)
    tcp_output_alloc_header                  0x08004ea9   Thumb Code   106  tcp_out.o(i.tcp_output_alloc_header)
    i.tcp_output_segment                     0x08004f14   Section        0  tcp_out.o(i.tcp_output_segment)
    tcp_output_segment                       0x08004f15   Thumb Code   170  tcp_out.o(i.tcp_output_segment)
    i.tcp_parseopt                           0x08004fc4   Section        0  tcp_in.o(i.tcp_parseopt)
    tcp_parseopt                             0x08004fc5   Thumb Code   122  tcp_in.o(i.tcp_parseopt)
    i.tcp_pbuf_prealloc                      0x08005044   Section        0  tcp_out.o(i.tcp_pbuf_prealloc)
    tcp_pbuf_prealloc                        0x08005045   Thumb Code    78  tcp_out.o(i.tcp_pbuf_prealloc)
    i.tcp_pcb_purge                          0x08005092   Section        0  tcp.o(i.tcp_pcb_purge)
    i.tcp_pcb_remove                         0x080050cc   Section        0  tcp.o(i.tcp_pcb_remove)
    i.tcp_poll                               0x08005124   Section        0  tcp.o(i.tcp_poll)
    i.tcp_process                            0x08005130   Section        0  tcp_in.o(i.tcp_process)
    tcp_process                              0x08005131   Thumb Code   788  tcp_in.o(i.tcp_process)
    i.tcp_process_refused_data               0x08005464   Section        0  tcp.o(i.tcp_process_refused_data)
    i.tcp_receive                            0x080054cc   Section        0  tcp_in.o(i.tcp_receive)
    tcp_receive                              0x080054cd   Thumb Code  1042  tcp_in.o(i.tcp_receive)
    i.tcp_recv                               0x080058de   Section        0  tcp.o(i.tcp_recv)
    i.tcp_recv_null                          0x080058e2   Section        0  tcp.o(i.tcp_recv_null)
    i.tcp_recved                             0x08005906   Section        0  tcp.o(i.tcp_recved)
    i.tcp_rexmit                             0x0800593e   Section        0  tcp_out.o(i.tcp_rexmit)
    i.tcp_rexmit_fast                        0x08005990   Section        0  tcp_out.o(i.tcp_rexmit_fast)
    i.tcp_rexmit_rto                         0x080059e8   Section        0  tcp_out.o(i.tcp_rexmit_rto)
    i.tcp_rst                                0x08005a16   Section        0  tcp_out.o(i.tcp_rst)
    i.tcp_seg_free                           0x08005a8c   Section        0  tcp.o(i.tcp_seg_free)
    i.tcp_segs_free                          0x08005aa8   Section        0  tcp.o(i.tcp_segs_free)
    i.tcp_send_empty_ack                     0x08005aba   Section        0  tcp_out.o(i.tcp_send_empty_ack)
    i.tcp_send_fin                           0x08005b02   Section        0  tcp_out.o(i.tcp_send_fin)
    i.tcp_sent                               0x08005b46   Section        0  tcp.o(i.tcp_sent)
    i.tcp_slowtmr                            0x08005b4c   Section        0  tcp.o(i.tcp_slowtmr)
    i.tcp_timer_needed                       0x08005da8   Section        0  timers.o(i.tcp_timer_needed)
    i.tcp_timewait_input                     0x08005dac   Section        0  tcp_in.o(i.tcp_timewait_input)
    tcp_timewait_input                       0x08005dad   Thumb Code    92  tcp_in.o(i.tcp_timewait_input)
    i.tcp_tmr                                0x08005e18   Section        0  tcp.o(i.tcp_tmr)
    i.tcp_update_rcv_ann_wnd                 0x08005e38   Section        0  tcp.o(i.tcp_update_rcv_ann_wnd)
    i.tcp_write                              0x08005e6c   Section        0  tcp_out.o(i.tcp_write)
    i.tcp_zero_window_probe                  0x08006150   Section        0  tcp_out.o(i.tcp_zero_window_probe)
    i.udp_bind                               0x080061dc   Section        0  udp.o(i.udp_bind)
    i.udp_input                              0x08006274   Section        0  udp.o(i.udp_input)
    i.udp_sendto_if                          0x080063ec   Section        0  udp.o(i.udp_sendto_if)
    .constdata                               0x080064a2   Section       36  memp.o(.constdata)
    memp_sizes                               0x080064a2   Data          18  memp.o(.constdata)
    memp_num                                 0x080064b4   Data          18  memp.o(.constdata)
    .constdata                               0x080064c8   Section       84  tcp.o(.constdata)
    .constdata                               0x0800651c   Section        4  ip_addr.o(.constdata)
    .constdata                               0x08006520   Section       12  etharp.o(.constdata)
    .constdata                               0x0800652c   Section       92  stm324x7i_eval.o(.constdata)
    .constdata                               0x08006588   Section     4560  stm324x7i_eval_lcd.o(.constdata)
    .conststring                             0x08007758   Section      117  tcp.o(.conststring)
    .data                                    0x20000000   Section        8  main.o(.data)
    .data                                    0x20000008   Section        8  netconf.o(.data)
    .data                                    0x20000010   Section        8  stm32f4x7_eth_bsp.o(.data)
    .data                                    0x20000018   Section        8  tcp_echoclient.o(.data)
    .data                                    0x20000020   Section        4  dhcp.o(.data)
    xid                                      0x20000020   Data           4  dhcp.o(.data)
    .data                                    0x20000024   Section       12  mem.o(.data)
    ram                                      0x20000024   Data           4  mem.o(.data)
    ram_end                                  0x20000028   Data           4  mem.o(.data)
    lfree                                    0x2000002c   Data           4  mem.o(.data)
    .data                                    0x20000030   Section       12  netif.o(.data)
    netif_num                                0x20000030   Data           1  netif.o(.data)
    .data                                    0x2000003c   Section        4  raw.o(.data)
    raw_pcbs                                 0x2000003c   Data           4  raw.o(.data)
    .data                                    0x20000040   Section       36  tcp.o(.data)
    tcp_timer                                0x20000041   Data           1  tcp.o(.data)
    tcp_timer_ctr                            0x20000042   Data           1  tcp.o(.data)
    tcp_port                                 0x20000044   Data           2  tcp.o(.data)
    iss                                      0x20000048   Data           4  tcp.o(.data)
    .data                                    0x20000064   Section       28  tcp_in.o(.data)
    flags                                    0x20000064   Data           1  tcp_in.o(.data)
    recv_flags                               0x20000065   Data           1  tcp_in.o(.data)
    tcplen                                   0x20000066   Data           2  tcp_in.o(.data)
    tcphdr                                   0x20000068   Data           4  tcp_in.o(.data)
    iphdr                                    0x2000006c   Data           4  tcp_in.o(.data)
    seqno                                    0x20000070   Data           4  tcp_in.o(.data)
    ackno                                    0x20000074   Data           4  tcp_in.o(.data)
    recv_data                                0x20000078   Data           4  tcp_in.o(.data)
    .data                                    0x20000080   Section        8  udp.o(.data)
    udp_port                                 0x20000080   Data           2  udp.o(.data)
    .data                                    0x20000088   Section       20  ip.o(.data)
    ip_id                                    0x20000088   Data           2  ip.o(.data)
    .data                                    0x2000009c   Section        8  ip_frag.o(.data)
    ip_reass_pbufcount                       0x2000009c   Data           2  ip_frag.o(.data)
    reassdatagrams                           0x200000a0   Data           4  ip_frag.o(.data)
    .data                                    0x200000a4   Section        1  etharp.o(.data)
    etharp_cached_entry                      0x200000a4   Data           1  etharp.o(.data)
    .data                                    0x200000a5   Section       16  stm32f4xx_rcc.o(.data)
    APBAHBPrescTable                         0x200000a5   Data          16  stm32f4xx_rcc.o(.data)
    .data                                    0x200000b8   Section       12  stm32f4x7_eth.o(.data)
    .data                                    0x200000c4   Section       44  stm324x7i_eval.o(.data)
    .data                                    0x200000f0   Section       16  stm324x7i_eval_lcd.o(.data)
    LCD_Currentfonts                         0x200000f4   Data           4  stm324x7i_eval_lcd.o(.data)
    .bss                                     0x20000100   Section       56  netconf.o(.bss)
    .bss                                     0x20000138   Section      188  stm32f4x7_eth_bsp.o(.bss)
    .bss                                     0x200001f4   Section      100  tcp_echoclient.o(.bss)
    .bss                                     0x20000258   Section    10260  mem.o(.bss)
    .bss                                     0x20002a6c   Section     8663  memp.o(.bss)
    memp_tab                                 0x20002a6c   Data          36  memp.o(.bss)
    memp_memory                              0x20002a90   Data        8627  memp.o(.bss)
    .bss                                     0x20004c44   Section       16  tcp_in.o(.bss)
    inseg                                    0x20004c44   Data          16  tcp_in.o(.bss)
    .bss                                     0x20004c54   Section      200  etharp.o(.bss)
    arp_table                                0x20004c54   Data         200  etharp.o(.bss)
    .bss                                     0x20004d1c   Section      128  stm32f4x7_eth.o(.bss)
    .bss                                     0x20004d9c   Section      128  stm32f4x7_eth.o(.bss)
    .bss                                     0x20004e1c   Section     6096  stm32f4x7_eth.o(.bss)
    .bss                                     0x200065ec   Section     6096  stm32f4x7_eth.o(.bss)
    .bss                                     0x20007dbc   Section       12  stm32f4x7_eth.o(.bss)
    STACK                                    0x20007dc8   Section     1024  startup_stm32f427x.o(STACK)

    Global Symbols

    Symbol Name                              Value     Ov Type        Size  Object(Section)

    BuildAttributes$$THM_ISAv4$E$P$D$K$B$S$7EM$VFPi3$EXTD16$VFPS$VFMA$PE$A:L22UL41UL21$X:L11$S22US41US21$IEEE1$IW$USESV6$~STKCKD$USESV7$~SHL$OSPACE$ROPI$EBA8$MICROLIB$REQ8$PRES8$EABIv2 0x00000000   Number         0  anon$$obj.o ABSOLUTE
    __ARM_use_no_argv                        0x00000000   Number         0  main.o ABSOLUTE
    _printf_a                                0x00000000   Number         0  stubs.o ABSOLUTE
    _printf_c                                0x00000000   Number         0  stubs.o ABSOLUTE
    _printf_charcount                        0x00000000   Number         0  stubs.o ABSOLUTE
    _printf_d                                0x00000000   Number         0  stubs.o ABSOLUTE
    _printf_e                                0x00000000   Number         0  stubs.o ABSOLUTE
    _printf_f                                0x00000000   Number         0  stubs.o ABSOLUTE
    _printf_flags                            0x00000000   Number         0  stubs.o ABSOLUTE
    _printf_fp_dec                           0x00000000   Number         0  stubs.o ABSOLUTE
    _printf_fp_hex                           0x00000000   Number         0  stubs.o ABSOLUTE
    _printf_g                                0x00000000   Number         0  stubs.o ABSOLUTE
    _printf_i                                0x00000000   Number         0  stubs.o ABSOLUTE
    _printf_int_dec                          0x00000000   Number         0  stubs.o ABSOLUTE
    _printf_l                                0x00000000   Number         0  stubs.o ABSOLUTE
    _printf_lc                               0x00000000   Number         0  stubs.o ABSOLUTE
    _printf_ll                               0x00000000   Number         0  stubs.o ABSOLUTE
    _printf_lld                              0x00000000   Number         0  stubs.o ABSOLUTE
    _printf_lli                              0x00000000   Number         0  stubs.o ABSOLUTE
    _printf_llo                              0x00000000   Number         0  stubs.o ABSOLUTE
    _printf_llu                              0x00000000   Number         0  stubs.o ABSOLUTE
    _printf_llx                              0x00000000   Number         0  stubs.o ABSOLUTE
    _printf_longlong_dec                     0x00000000   Number         0  stubs.o ABSOLUTE
    _printf_longlong_hex                     0x00000000   Number         0  stubs.o ABSOLUTE
    _printf_longlong_oct                     0x00000000   Number         0  stubs.o ABSOLUTE
    _printf_ls                               0x00000000   Number         0  stubs.o ABSOLUTE
    _printf_mbtowc                           0x00000000   Number         0  stubs.o ABSOLUTE
    _printf_n                                0x00000000   Number         0  stubs.o ABSOLUTE
    _printf_o                                0x00000000   Number         0  stubs.o ABSOLUTE
    _printf_p                                0x00000000   Number         0  stubs.o ABSOLUTE
    _printf_percent                          0x00000000   Number         0  stubs.o ABSOLUTE
    _printf_pre_padding                      0x00000000   Number         0  stubs.o ABSOLUTE
    _printf_return_value                     0x00000000   Number         0  stubs.o ABSOLUTE
    _printf_s                                0x00000000   Number         0  stubs.o ABSOLUTE
    _printf_sizespec                         0x00000000   Number         0  stubs.o ABSOLUTE
    _printf_str                              0x00000000   Number         0  stubs.o ABSOLUTE
    _printf_truncate_signed                  0x00000000   Number         0  stubs.o ABSOLUTE
    _printf_truncate_unsigned                0x00000000   Number         0  stubs.o ABSOLUTE
    _printf_u                                0x00000000   Number         0  stubs.o ABSOLUTE
    _printf_wc                               0x00000000   Number         0  stubs.o ABSOLUTE
    _printf_wctomb                           0x00000000   Number         0  stubs.o ABSOLUTE
    _printf_widthprec                        0x00000000   Number         0  stubs.o ABSOLUTE
    _printf_x                                0x00000000   Number         0  stubs.o ABSOLUTE
    __cpp_initialize__aeabi_                  - Undefined Weak Reference
    __cxa_finalize                            - Undefined Weak Reference
    __decompress                              - Undefined Weak Reference
    _clock_init                               - Undefined Weak Reference
    _microlib_exit                            - Undefined Weak Reference
    __Vectors_Size                           0x0000019c   Number         0  startup_stm32f427x.o ABSOLUTE
    __Vectors                                0x08000000   Data           4  startup_stm32f427x.o(RESET)
    __Vectors_End                            0x0800019c   Data           0  startup_stm32f427x.o(RESET)
    __main                                   0x0800019d   Thumb Code     0  entry.o(.ARM.Collect$$$$00000000)
    _main_stk                                0x0800019d   Thumb Code     0  entry2.o(.ARM.Collect$$$$00000001)
    _main_scatterload                        0x080001a1   Thumb Code     0  entry5.o(.ARM.Collect$$$$00000004)
    __main_after_scatterload                 0x080001a5   Thumb Code     0  entry5.o(.ARM.Collect$$$$00000004)
    _main_clock                              0x080001a5   Thumb Code     0  entry7b.o(.ARM.Collect$$$$00000008)
    _main_cpp_init                           0x080001a5   Thumb Code     0  entry8b.o(.ARM.Collect$$$$0000000A)
    _main_init                               0x080001a5   Thumb Code     0  entry9a.o(.ARM.Collect$$$$0000000B)
    __rt_final_cpp                           0x080001ad   Thumb Code     0  entry10a.o(.ARM.Collect$$$$0000000D)
    __rt_final_exit                          0x080001ad   Thumb Code     0  entry11a.o(.ARM.Collect$$$$0000000F)
    Reset_Handler                            0x080001b1   Thumb Code     8  startup_stm32f427x.o(.text)
    SVC_Handler                              0x080001c3   Thumb Code     2  startup_stm32f427x.o(.text)
    PendSV_Handler                           0x080001c7   Thumb Code     2  startup_stm32f427x.o(.text)
    ADC_IRQHandler                           0x080001cb   Thumb Code     0  startup_stm32f427x.o(.text)
    CAN1_RX0_IRQHandler                      0x080001cb   Thumb Code     0  startup_stm32f427x.o(.text)
    CAN1_RX1_IRQHandler                      0x080001cb   Thumb Code     0  startup_stm32f427x.o(.text)
    CAN1_SCE_IRQHandler                      0x080001cb   Thumb Code     0  startup_stm32f427x.o(.text)
    CAN1_TX_IRQHandler                       0x080001cb   Thumb Code     0  startup_stm32f427x.o(.text)
    CAN2_RX0_IRQHandler                      0x080001cb   Thumb Code     0  startup_stm32f427x.o(.text)
    CAN2_RX1_IRQHandler                      0x080001cb   Thumb Code     0  startup_stm32f427x.o(.text)
    CAN2_SCE_IRQHandler                      0x080001cb   Thumb Code     0  startup_stm32f427x.o(.text)
    CAN2_TX_IRQHandler                       0x080001cb   Thumb Code     0  startup_stm32f427x.o(.text)
    CRYP_IRQHandler                          0x080001cb   Thumb Code     0  startup_stm32f427x.o(.text)
    DCMI_IRQHandler                          0x080001cb   Thumb Code     0  startup_stm32f427x.o(.text)
    DMA1_Stream0_IRQHandler                  0x080001cb   Thumb Code     0  startup_stm32f427x.o(.text)
    DMA1_Stream1_IRQHandler                  0x080001cb   Thumb Code     0  startup_stm32f427x.o(.text)
    DMA1_Stream2_IRQHandler                  0x080001cb   Thumb Code     0  startup_stm32f427x.o(.text)
    DMA1_Stream3_IRQHandler                  0x080001cb   Thumb Code     0  startup_stm32f427x.o(.text)
    DMA1_Stream4_IRQHandler                  0x080001cb   Thumb Code     0  startup_stm32f427x.o(.text)
    DMA1_Stream5_IRQHandler                  0x080001cb   Thumb Code     0  startup_stm32f427x.o(.text)
    DMA1_Stream6_IRQHandler                  0x080001cb   Thumb Code     0  startup_stm32f427x.o(.text)
    DMA1_Stream7_IRQHandler                  0x080001cb   Thumb Code     0  startup_stm32f427x.o(.text)
    DMA2_Stream0_IRQHandler                  0x080001cb   Thumb Code     0  startup_stm32f427x.o(.text)
    DMA2_Stream1_IRQHandler                  0x080001cb   Thumb Code     0  startup_stm32f427x.o(.text)
    DMA2_Stream2_IRQHandler                  0x080001cb   Thumb Code     0  startup_stm32f427x.o(.text)
    DMA2_Stream3_IRQHandler                  0x080001cb   Thumb Code     0  startup_stm32f427x.o(.text)
    DMA2_Stream4_IRQHandler                  0x080001cb   Thumb Code     0  startup_stm32f427x.o(.text)
    DMA2_Stream5_IRQHandler                  0x080001cb   Thumb Code     0  startup_stm32f427x.o(.text)
    DMA2_Stream6_IRQHandler                  0x080001cb   Thumb Code     0  startup_stm32f427x.o(.text)
    DMA2_Stream7_IRQHandler                  0x080001cb   Thumb Code     0  startup_stm32f427x.o(.text)
    ETH_IRQHandler                           0x080001cb   Thumb Code     0  startup_stm32f427x.o(.text)
    ETH_WKUP_IRQHandler                      0x080001cb   Thumb Code     0  startup_stm32f427x.o(.text)
    EXTI0_IRQHandler                         0x080001cb   Thumb Code     0  startup_stm32f427x.o(.text)
    EXTI1_IRQHandler                         0x080001cb   Thumb Code     0  startup_stm32f427x.o(.text)
    EXTI2_IRQHandler                         0x080001cb   Thumb Code     0  startup_stm32f427x.o(.text)
    EXTI3_IRQHandler                         0x080001cb   Thumb Code     0  startup_stm32f427x.o(.text)
    EXTI4_IRQHandler                         0x080001cb   Thumb Code     0  startup_stm32f427x.o(.text)
    EXTI9_5_IRQHandler                       0x080001cb   Thumb Code     0  startup_stm32f427x.o(.text)
    FLASH_IRQHandler                         0x080001cb   Thumb Code     0  startup_stm32f427x.o(.text)
    FPU_IRQHandler                           0x080001cb   Thumb Code     0  startup_stm32f427x.o(.text)
    FSMC_IRQHandler                          0x080001cb   Thumb Code     0  startup_stm32f427x.o(.text)
    HASH_RNG_IRQHandler                      0x080001cb   Thumb Code     0  startup_stm32f427x.o(.text)
    I2C1_ER_IRQHandler                       0x080001cb   Thumb Code     0  startup_stm32f427x.o(.text)
    I2C1_EV_IRQHandler                       0x080001cb   Thumb Code     0  startup_stm32f427x.o(.text)
    I2C2_ER_IRQHandler                       0x080001cb   Thumb Code     0  startup_stm32f427x.o(.text)
    I2C2_EV_IRQHandler                       0x080001cb   Thumb Code     0  startup_stm32f427x.o(.text)
    I2C3_ER_IRQHandler                       0x080001cb   Thumb Code     0  startup_stm32f427x.o(.text)
    I2C3_EV_IRQHandler                       0x080001cb   Thumb Code     0  startup_stm32f427x.o(.text)
    OTG_FS_IRQHandler                        0x080001cb   Thumb Code     0  startup_stm32f427x.o(.text)
    OTG_FS_WKUP_IRQHandler                   0x080001cb   Thumb Code     0  startup_stm32f427x.o(.text)
    OTG_HS_EP1_IN_IRQHandler                 0x080001cb   Thumb Code     0  startup_stm32f427x.o(.text)
    OTG_HS_EP1_OUT_IRQHandler                0x080001cb   Thumb Code     0  startup_stm32f427x.o(.text)
    OTG_HS_IRQHandler                        0x080001cb   Thumb Code     0  startup_stm32f427x.o(.text)
    OTG_HS_WKUP_IRQHandler                   0x080001cb   Thumb Code     0  startup_stm32f427x.o(.text)
    PVD_IRQHandler                           0x080001cb   Thumb Code     0  startup_stm32f427x.o(.text)
    RCC_IRQHandler                           0x080001cb   Thumb Code     0  startup_stm32f427x.o(.text)
    RTC_Alarm_IRQHandler                     0x080001cb   Thumb Code     0  startup_stm32f427x.o(.text)
    RTC_WKUP_IRQHandler                      0x080001cb   Thumb Code     0  startup_stm32f427x.o(.text)
    SDIO_IRQHandler                          0x080001cb   Thumb Code     0  startup_stm32f427x.o(.text)
    SPI1_IRQHandler                          0x080001cb   Thumb Code     0  startup_stm32f427x.o(.text)
    SPI2_IRQHandler                          0x080001cb   Thumb Code     0  startup_stm32f427x.o(.text)
    SPI3_IRQHandler                          0x080001cb   Thumb Code     0  startup_stm32f427x.o(.text)
    SPI4_IRQHandler                          0x080001cb   Thumb Code     0  startup_stm32f427x.o(.text)
    SPI5_IRQHandler                          0x080001cb   Thumb Code     0  startup_stm32f427x.o(.text)
    SPI6_IRQHandler                          0x080001cb   Thumb Code     0  startup_stm32f427x.o(.text)
    TAMP_STAMP_IRQHandler                    0x080001cb   Thumb Code     0  startup_stm32f427x.o(.text)
    TIM1_BRK_TIM9_IRQHandler                 0x080001cb   Thumb Code     0  startup_stm32f427x.o(.text)
    TIM1_CC_IRQHandler                       0x080001cb   Thumb Code     0  startup_stm32f427x.o(.text)
    TIM1_TRG_COM_TIM11_IRQHandler            0x080001cb   Thumb Code     0  startup_stm32f427x.o(.text)
    TIM1_UP_TIM10_IRQHandler                 0x080001cb   Thumb Code     0  startup_stm32f427x.o(.text)
    TIM2_IRQHandler                          0x080001cb   Thumb Code     0  startup_stm32f427x.o(.text)
    TIM3_IRQHandler                          0x080001cb   Thumb Code     0  startup_stm32f427x.o(.text)
    TIM4_IRQHandler                          0x080001cb   Thumb Code     0  startup_stm32f427x.o(.text)
    TIM5_IRQHandler                          0x080001cb   Thumb Code     0  startup_stm32f427x.o(.text)
    TIM6_DAC_IRQHandler                      0x080001cb   Thumb Code     0  startup_stm32f427x.o(.text)
    TIM7_IRQHandler                          0x080001cb   Thumb Code     0  startup_stm32f427x.o(.text)
    TIM8_BRK_TIM12_IRQHandler                0x080001cb   Thumb Code     0  startup_stm32f427x.o(.text)
    TIM8_CC_IRQHandler                       0x080001cb   Thumb Code     0  startup_stm32f427x.o(.text)
    TIM8_TRG_COM_TIM14_IRQHandler            0x080001cb   Thumb Code     0  startup_stm32f427x.o(.text)
    TIM8_UP_TIM13_IRQHandler                 0x080001cb   Thumb Code     0  startup_stm32f427x.o(.text)
    UART4_IRQHandler                         0x080001cb   Thumb Code     0  startup_stm32f427x.o(.text)
    UART5_IRQHandler                         0x080001cb   Thumb Code     0  startup_stm32f427x.o(.text)
    UART7_IRQHandler                         0x080001cb   Thumb Code     0  startup_stm32f427x.o(.text)
    UART8_IRQHandler                         0x080001cb   Thumb Code     0  startup_stm32f427x.o(.text)
    USART1_IRQHandler                        0x080001cb   Thumb Code     0  startup_stm32f427x.o(.text)
    USART2_IRQHandler                        0x080001cb   Thumb Code     0  startup_stm32f427x.o(.text)
    USART3_IRQHandler                        0x080001cb   Thumb Code     0  startup_stm32f427x.o(.text)
    USART6_IRQHandler                        0x080001cb   Thumb Code     0  startup_stm32f427x.o(.text)
    WWDG_IRQHandler                          0x080001cb   Thumb Code     0  startup_stm32f427x.o(.text)
    __aeabi_memcpy                           0x080001d5   Thumb Code    36  memcpya.o(.text)
    __aeabi_memcpy4                          0x080001d5   Thumb Code     0  memcpya.o(.text)
    __aeabi_memcpy8                          0x080001d5   Thumb Code     0  memcpya.o(.text)
    __aeabi_memset                           0x080001f9   Thumb Code    14  memseta.o(.text)
    __aeabi_memset4                          0x080001f9   Thumb Code     0  memseta.o(.text)
    __aeabi_memset8                          0x080001f9   Thumb Code     0  memseta.o(.text)
    __aeabi_memclr                           0x08000207   Thumb Code     4  memseta.o(.text)
    __aeabi_memclr4                          0x08000207   Thumb Code     0  memseta.o(.text)
    __aeabi_memclr8                          0x08000207   Thumb Code     0  memseta.o(.text)
    _memset$wrapper                          0x0800020b   Thumb Code    18  memseta.o(.text)
    strlen                                   0x0800021d   Thumb Code    14  strlen.o(.text)
    memcmp                                   0x0800022b   Thumb Code    26  memcmp.o(.text)
    __aeabi_uidiv                            0x08000245   Thumb Code     0  uidiv.o(.text)
    __aeabi_uidivmod                         0x08000245   Thumb Code    44  uidiv.o(.text)
    __scatterload                            0x08000271   Thumb Code    28  init.o(.text)
    __scatterload_rt2                        0x08000271   Thumb Code     0  init.o(.text)
    BusFault_Handler                         0x08000295   Thumb Code     2  stm32f4xx_it.o(i.BusFault_Handler)
    DebugMon_Handler                         0x08000297   Thumb Code     2  stm32f4xx_it.o(i.DebugMon_Handler)
    Delay                                    0x08000299   Thumb Code    16  main.o(i.Delay)
    ETH_BSP_Config                           0x080002ad   Thumb Code   110  stm32f4x7_eth_bsp.o(i.ETH_BSP_Config)
    ETH_CheckFrameReceived                   0x08000321   Thumb Code   108  stm32f4x7_eth.o(i.ETH_CheckFrameReceived)
    ETH_DMAReceptionCmd                      0x08000391   Thumb Code    22  stm32f4x7_eth.o(i.ETH_DMAReceptionCmd)
    ETH_DMARxDescChainInit                   0x080003ad   Thumb Code    74  stm32f4x7_eth.o(i.ETH_DMARxDescChainInit)
    ETH_DMATransmissionCmd                   0x08000405   Thumb Code    22  stm32f4x7_eth.o(i.ETH_DMATransmissionCmd)
    ETH_DMATxDescChainInit                   0x08000421   Thumb Code    62  stm32f4x7_eth.o(i.ETH_DMATxDescChainInit)
    ETH_DMATxDescChecksumInsertionConfig     0x08000469   Thumb Code     8  stm32f4x7_eth.o(i.ETH_DMATxDescChecksumInsertionConfig)
    ETH_DeInit                               0x08000471   Thumb Code    24  stm32f4x7_eth.o(i.ETH_DeInit)
    ETH_FlushTransmitFIFO                    0x08000489   Thumb Code    28  stm32f4x7_eth.o(i.ETH_FlushTransmitFIFO)
    ETH_GetSoftwareResetStatus               0x0800060d   Thumb Code    14  stm32f4x7_eth.o(i.ETH_GetSoftwareResetStatus)
    ETH_Get_Received_Frame                   0x08000621   Thumb Code    32  stm32f4x7_eth.o(i.ETH_Get_Received_Frame)
    ETH_Init                                 0x08000645   Thumb Code   616  stm32f4x7_eth.o(i.ETH_Init)
    ETH_MACAddressConfig                     0x080008e1   Thumb Code    22  stm32f4x7_eth.o(i.ETH_MACAddressConfig)
    ETH_MACReceptionCmd                      0x08000981   Thumb Code    42  stm32f4x7_eth.o(i.ETH_MACReceptionCmd)
    ETH_MACTransmissionCmd                   0x080009b1   Thumb Code    42  stm32f4x7_eth.o(i.ETH_MACTransmissionCmd)
    ETH_Prepare_Transmit_Descriptors         0x080009e1   Thumb Code   168  stm32f4x7_eth.o(i.ETH_Prepare_Transmit_Descriptors)
    ETH_ReadPHYRegister                      0x08000a91   Thumb Code    80  stm32f4x7_eth.o(i.ETH_ReadPHYRegister)
    ETH_SoftwareReset                        0x08000ae9   Thumb Code    12  stm32f4x7_eth.o(i.ETH_SoftwareReset)
    ETH_Start                                0x08000af9   Thumb Code    34  stm32f4x7_eth.o(i.ETH_Start)
    ETH_Stop                                 0x08000b1b   Thumb Code    34  stm32f4x7_eth.o(i.ETH_Stop)
    ETH_StructInit                           0x08000b3d   Thumb Code   136  stm32f4x7_eth.o(i.ETH_StructInit)
    ETH_WritePHYRegister                     0x08000bc5   Thumb Code    76  stm32f4x7_eth.o(i.ETH_WritePHYRegister)
    ETH_link_callback                        0x08000c19   Thumb Code   474  stm32f4x7_eth_bsp.o(i.ETH_link_callback)
    EXTI15_10_IRQHandler                     0x08000e7d   Thumb Code    62  stm32f4xx_it.o(i.EXTI15_10_IRQHandler)
    EXTI_ClearITPendingBit                   0x08000ec1   Thumb Code     6  stm32f4xx_exti.o(i.EXTI_ClearITPendingBit)
    EXTI_GetITStatus                         0x08000ecd   Thumb Code    28  stm32f4xx_exti.o(i.EXTI_GetITStatus)
    EXTI_Init                                0x08000eed   Thumb Code   108  stm32f4xx_exti.o(i.EXTI_Init)
    Eth_Link_EXTIConfig                      0x08000f5d   Thumb Code    98  stm32f4x7_eth_bsp.o(i.Eth_Link_EXTIConfig)
    Eth_Link_ITHandler                       0x08000fc5   Thumb Code    54  stm32f4x7_eth_bsp.o(i.Eth_Link_ITHandler)
    Eth_Link_PHYITConfig                     0x08001005   Thumb Code    54  stm32f4x7_eth_bsp.o(i.Eth_Link_PHYITConfig)
    FSMC_NORSRAMCmd                          0x0800103d   Thumb Code    26  stm32f4xx_fsmc.o(i.FSMC_NORSRAMCmd)
    FSMC_NORSRAMInit                         0x0800105d   Thumb Code   200  stm32f4xx_fsmc.o(i.FSMC_NORSRAMInit)
    GPIO_Init                                0x08001125   Thumb Code   162  stm32f4xx_gpio.o(i.GPIO_Init)
    GPIO_PinAFConfig                         0x080011c7   Thumb Code    32  stm32f4xx_gpio.o(i.GPIO_PinAFConfig)
    HardFault_Handler                        0x080011e7   Thumb Code     2  stm32f4xx_it.o(i.HardFault_Handler)
    LCD_Clear                                0x080011e9   Thumb Code    38  stm324x7i_eval_lcd.o(i.LCD_Clear)
    LCD_ClearLine                            0x08001211   Thumb Code    44  stm324x7i_eval_lcd.o(i.LCD_ClearLine)
    LCD_CtrlLinesConfig                      0x08001241   Thumb Code   292  stm324x7i_eval_lcd.o(i.LCD_CtrlLinesConfig)
    LCD_DisplayChar                          0x08001375   Thumb Code    26  stm324x7i_eval_lcd.o(i.LCD_DisplayChar)
    LCD_DisplayStringLine                    0x08001395   Thumb Code    52  stm324x7i_eval_lcd.o(i.LCD_DisplayStringLine)
    LCD_DrawChar                             0x080013cd   Thumb Code   120  stm324x7i_eval_lcd.o(i.LCD_DrawChar)
    LCD_FSMCConfig                           0x08001449   Thumb Code    88  stm324x7i_eval_lcd.o(i.LCD_FSMCConfig)
    LCD_GetFont                              0x080014a1   Thumb Code     6  stm324x7i_eval_lcd.o(i.LCD_GetFont)
    LCD_Init                                 0x080014ad   Thumb Code  1034  stm324x7i_eval_lcd.o(i.LCD_Init)
    LCD_LED_BUTTON_Init                      0x080018bd   Thumb Code   110  main.o(i.LCD_LED_BUTTON_Init)
    LCD_ReadReg                              0x08001941   Thumb Code    10  stm324x7i_eval_lcd.o(i.LCD_ReadReg)
    LCD_SetBackColor                         0x0800194d   Thumb Code    12  stm324x7i_eval_lcd.o(i.LCD_SetBackColor)
    LCD_SetCursor                            0x0800195d   Thumb Code    24  stm324x7i_eval_lcd.o(i.LCD_SetCursor)
    LCD_SetTextColor                         0x08001975   Thumb Code    12  stm324x7i_eval_lcd.o(i.LCD_SetTextColor)
    LCD_WriteReg                             0x08001985   Thumb Code    10  stm324x7i_eval_lcd.o(i.LCD_WriteReg)
    LwIP_Init                                0x08001991   Thumb Code   210  netconf.o(i.LwIP_Init)
    LwIP_Periodic_Handle                     0x08001ad9   Thumb Code    50  netconf.o(i.LwIP_Periodic_Handle)
    LwIP_Pkt_Handle                          0x08001b11   Thumb Code     6  netconf.o(i.LwIP_Pkt_Handle)
    MemManage_Handler                        0x08001b1d   Thumb Code     2  stm32f4xx_it.o(i.MemManage_Handler)
    NMI_Handler                              0x08001b1f   Thumb Code     2  stm32f4xx_it.o(i.NMI_Handler)
    NVIC_Init                                0x08001b21   Thumb Code    96  misc.o(i.NVIC_Init)
    NVIC_PriorityGroupConfig                 0x08001b85   Thumb Code    10  misc.o(i.NVIC_PriorityGroupConfig)
    RCC_AHB1PeriphClockCmd                   0x08001bb9   Thumb Code    18  stm32f4xx_rcc.o(i.RCC_AHB1PeriphClockCmd)
    RCC_AHB1PeriphResetCmd                   0x08001bd1   Thumb Code    18  stm32f4xx_rcc.o(i.RCC_AHB1PeriphResetCmd)
    RCC_AHB3PeriphClockCmd                   0x08001be9   Thumb Code    18  stm32f4xx_rcc.o(i.RCC_AHB3PeriphClockCmd)
    RCC_APB2PeriphClockCmd                   0x08001c01   Thumb Code    18  stm32f4xx_rcc.o(i.RCC_APB2PeriphClockCmd)
    RCC_GetClocksFreq                        0x08001c19   Thumb Code   132  stm32f4xx_rcc.o(i.RCC_GetClocksFreq)
    STM_EVAL_LEDInit                         0x08001cad   Thumb Code    62  stm324x7i_eval.o(i.STM_EVAL_LEDInit)
    STM_EVAL_LEDOn                           0x08001cf5   Thumb Code    16  stm324x7i_eval.o(i.STM_EVAL_LEDOn)
    STM_EVAL_PBInit                          0x08001d0d   Thumb Code   156  stm324x7i_eval.o(i.STM_EVAL_PBInit)
    SYSCFG_ETH_MediaInterfaceConfig          0x08001db1   Thumb Code     8  stm32f4xx_syscfg.o(i.SYSCFG_ETH_MediaInterfaceConfig)
    SYSCFG_EXTILineConfig                    0x08001dbd   Thumb Code    42  stm32f4xx_syscfg.o(i.SYSCFG_EXTILineConfig)
    SysTick_CLKSourceConfig                  0x08001eb9   Thumb Code    24  misc.o(i.SysTick_CLKSourceConfig)
    SysTick_Handler                          0x08001ed1   Thumb Code     4  stm32f4xx_it.o(i.SysTick_Handler)
    SystemInit                               0x08001ed5   Thumb Code    74  system_stm32f4xx.o(i.SystemInit)
    Time_Update                              0x08001f31   Thumb Code    10  main.o(i.Time_Update)
    UsageFault_Handler                       0x08001f41   Thumb Code     2  stm32f4xx_it.o(i.UsageFault_Handler)
    __0sprintf$1                             0x08001f45   Thumb Code    34  printf1.o(i.__0sprintf$1)
    __1sprintf$1                             0x08001f45   Thumb Code     0  printf1.o(i.__0sprintf$1)
    __2sprintf                               0x08001f45   Thumb Code     0  printf1.o(i.__0sprintf$1)
    __scatterload_copy                       0x08001f6d   Thumb Code    14  handlers.o(i.__scatterload_copy)
    __scatterload_null                       0x08001f7b   Thumb Code     2  handlers.o(i.__scatterload_null)
    __scatterload_zeroinit                   0x08001f7d   Thumb Code    14  handlers.o(i.__scatterload_zeroinit)
    dhcp_arp_reply                           0x08002109   Thumb Code    30  dhcp.o(i.dhcp_arp_reply)
    dhcp_network_changed                     0x08002399   Thumb Code    70  dhcp.o(i.dhcp_network_changed)
    etharp_cleanup_netif                     0x08002621   Thumb Code    42  etharp.o(i.etharp_cleanup_netif)
    etharp_output                            0x08002751   Thumb Code   246  etharp.o(i.etharp_output)
    etharp_query                             0x08002899   Thumb Code   228  etharp.o(i.etharp_query)
    etharp_request                           0x08002a25   Thumb Code    32  etharp.o(i.etharp_request)
    etharp_tmr                               0x08002a69   Thumb Code    68  etharp.o(i.etharp_tmr)
    ethernet_input                           0x08002b2d   Thumb Code   138  etharp.o(i.ethernet_input)
    ethernetif_init                          0x08002bbd   Thumb Code    30  ethernetif.o(i.ethernetif_init)
    ethernetif_input                         0x08002be5   Thumb Code    38  ethernetif.o(i.ethernetif_input)
    icmp_dest_unreach                        0x08002c0b   Thumb Code     8  icmp.o(i.icmp_dest_unreach)
    icmp_input                               0x08002c15   Thumb Code   242  icmp.o(i.icmp_input)
    icmp_time_exceeded                       0x08002d75   Thumb Code     8  icmp.o(i.icmp_time_exceeded)
    inet_chksum                              0x08002d7d   Thumb Code    12  inet_chksum.o(i.inet_chksum)
    inet_chksum_pbuf                         0x08002d89   Thumb Code    72  inet_chksum.o(i.inet_chksum_pbuf)
    ip4_addr_isbroadcast                     0x08002dd1   Thumb Code    46  ip_addr.o(i.ip4_addr_isbroadcast)
    ip_frag                                  0x08002e01   Thumb Code   352  ip_frag.o(i.ip_frag)
    ip_input                                 0x08002f6d   Thumb Code   372  ip.o(i.ip_input)
    ip_output                                0x080030e9   Thumb Code    52  ip.o(i.ip_output)
    ip_output_if                             0x0800311d   Thumb Code   164  ip.o(i.ip_output_if)
    ip_reass                                 0x080031c5   Thumb Code   392  ip_frag.o(i.ip_reass)
    ip_route                                 0x08003539   Thumb Code    54  ip.o(i.ip_route)
    lwip_htonl                               0x08003771   Thumb Code     4  def.o(i.lwip_htonl)
    lwip_htons                               0x08003775   Thumb Code     4  def.o(i.lwip_htons)
    lwip_ntohl                               0x08003779   Thumb Code     4  def.o(i.lwip_ntohl)
    lwip_ntohs                               0x0800377d   Thumb Code     4  def.o(i.lwip_ntohs)
    main                                     0x080037d9   Thumb Code    42  main.o(i.main)
    mem_free                                 0x08003809   Thumb Code    40  mem.o(i.mem_free)
    mem_init                                 0x08003835   Thumb Code    42  mem.o(i.mem_init)
    mem_malloc                               0x08003869   Thumb Code   162  mem.o(i.mem_malloc)
    mem_trim                                 0x08003911   Thumb Code   200  mem.o(i.mem_trim)
    memp_free                                0x080039dd   Thumb Code    18  memp.o(i.memp_free)
    memp_init                                0x080039f5   Thumb Code    78  memp.o(i.memp_init)
    memp_malloc                              0x08003a4d   Thumb Code    28  memp.o(i.memp_malloc)
    netif_add                                0x08003a6d   Thumb Code    72  netif.o(i.netif_add)
    netif_set_addr                           0x08003ab9   Thumb Code    32  netif.o(i.netif_set_addr)
    netif_set_default                        0x08003ad9   Thumb Code     6  netif.o(i.netif_set_default)
    netif_set_down                           0x08003ae5   Thumb Code    26  netif.o(i.netif_set_down)
    netif_set_gw                             0x08003aff   Thumb Code     8  netif.o(i.netif_set_gw)
    netif_set_ipaddr                         0x08003b09   Thumb Code    96  netif.o(i.netif_set_ipaddr)
    netif_set_link_callback                  0x08003b71   Thumb Code     8  netif.o(i.netif_set_link_callback)
    netif_set_link_down                      0x08003b79   Thumb Code    26  netif.o(i.netif_set_link_down)
    netif_set_link_up                        0x08003b93   Thumb Code    66  netif.o(i.netif_set_link_up)
    netif_set_netmask                        0x08003bd5   Thumb Code     8  netif.o(i.netif_set_netmask)
    netif_set_up                             0x08003bdd   Thumb Code    32  netif.o(i.netif_set_up)
    pbuf_alloc                               0x08003bfd   Thumb Code   280  pbuf.o(i.pbuf_alloc)
    pbuf_alloced_custom                      0x08003d15   Thumb Code    84  pbuf.o(i.pbuf_alloced_custom)
    pbuf_cat                                 0x08003d69   Thumb Code    40  pbuf.o(i.pbuf_cat)
    pbuf_chain                               0x08003d91   Thumb Code    18  pbuf.o(i.pbuf_chain)
    pbuf_clen                                0x08003da3   Thumb Code    18  pbuf.o(i.pbuf_clen)
    pbuf_copy                                0x08003db5   Thumb Code   154  pbuf.o(i.pbuf_copy)
    pbuf_copy_partial                        0x08003e4f   Thumb Code   104  pbuf.o(i.pbuf_copy_partial)
    pbuf_free                                0x08003eb7   Thumb Code    80  pbuf.o(i.pbuf_free)
    pbuf_header                              0x08003f07   Thumb Code    96  pbuf.o(i.pbuf_header)
    pbuf_realloc                             0x08003f67   Thumb Code    78  pbuf.o(i.pbuf_realloc)
    pbuf_ref                                 0x08003fb5   Thumb Code    12  pbuf.o(i.pbuf_ref)
    pbuf_take                                0x08003fc1   Thumb Code    78  pbuf.o(i.pbuf_take)
    raw_input                                0x08004065   Thumb Code   104  raw.o(i.raw_input)
    tcp_abandon                              0x080040d9   Thumb Code   136  tcp.o(i.tcp_abandon)
    tcp_abort                                0x08004165   Thumb Code     6  tcp.o(i.tcp_abort)
    tcp_alloc                                0x0800416d   Thumb Code   236  tcp.o(i.tcp_alloc)
    tcp_arg                                  0x08004265   Thumb Code     4  tcp.o(i.tcp_arg)
    tcp_close                                0x08004269   Thumb Code    20  tcp.o(i.tcp_close)
    tcp_connect                              0x080043a5   Thumb Code   238  tcp.o(i.tcp_connect)
    tcp_echoclient_connect                   0x08004535   Thumb Code    38  tcp_echoclient.o(i.tcp_echoclient_connect)
    tcp_eff_send_mss                         0x0800474f   Thumb Code    32  tcp.o(i.tcp_eff_send_mss)
    tcp_enqueue_flags                        0x0800476f   Thumb Code   166  tcp_out.o(i.tcp_enqueue_flags)
    tcp_fasttmr                              0x08004815   Thumb Code    90  tcp.o(i.tcp_fasttmr)
    tcp_input                                0x08004875   Thumb Code   758  tcp_in.o(i.tcp_input)
    tcp_keepalive                            0x08004b89   Thumb Code    60  tcp_out.o(i.tcp_keepalive)
    tcp_new                                  0x08004ca9   Thumb Code     6  tcp.o(i.tcp_new)
    tcp_next_iss                             0x08004d0d   Thumb Code    12  tcp.o(i.tcp_next_iss)
    tcp_output                               0x08004d1d   Thumb Code   392  tcp_out.o(i.tcp_output)
    tcp_pcb_purge                            0x08005093   Thumb Code    58  tcp.o(i.tcp_pcb_purge)
    tcp_pcb_remove                           0x080050cd   Thumb Code    82  tcp.o(i.tcp_pcb_remove)
    tcp_poll                                 0x08005125   Thumb Code    10  tcp.o(i.tcp_poll)
    tcp_process_refused_data                 0x08005465   Thumb Code   102  tcp.o(i.tcp_process_refused_data)
    tcp_recv                                 0x080058df   Thumb Code     4  tcp.o(i.tcp_recv)
    tcp_recv_null                            0x080058e3   Thumb Code    36  tcp.o(i.tcp_recv_null)
    tcp_recved                               0x08005907   Thumb Code    56  tcp.o(i.tcp_recved)
    tcp_rexmit                               0x0800593f   Thumb Code    82  tcp_out.o(i.tcp_rexmit)
    tcp_rexmit_fast                          0x08005991   Thumb Code    88  tcp_out.o(i.tcp_rexmit_fast)
    tcp_rexmit_rto                           0x080059e9   Thumb Code    46  tcp_out.o(i.tcp_rexmit_rto)
    tcp_rst                                  0x08005a17   Thumb Code   118  tcp_out.o(i.tcp_rst)
    tcp_seg_free                             0x08005a8d   Thumb Code    28  tcp.o(i.tcp_seg_free)
    tcp_segs_free                            0x08005aa9   Thumb Code    18  tcp.o(i.tcp_segs_free)
    tcp_send_empty_ack                       0x08005abb   Thumb Code    72  tcp_out.o(i.tcp_send_empty_ack)
    tcp_send_fin                             0x08005b03   Thumb Code    68  tcp_out.o(i.tcp_send_fin)
    tcp_sent                                 0x08005b47   Thumb Code     4  tcp.o(i.tcp_sent)
    tcp_slowtmr                              0x08005b4d   Thumb Code   588  tcp.o(i.tcp_slowtmr)
    tcp_timer_needed                         0x08005da9   Thumb Code     2  timers.o(i.tcp_timer_needed)
    tcp_tmr                                  0x08005e19   Thumb Code    28  tcp.o(i.tcp_tmr)
    tcp_update_rcv_ann_wnd                   0x08005e39   Thumb Code    52  tcp.o(i.tcp_update_rcv_ann_wnd)
    tcp_write                                0x08005e6d   Thumb Code   740  tcp_out.o(i.tcp_write)
    tcp_zero_window_probe                    0x08006151   Thumb Code   138  tcp_out.o(i.tcp_zero_window_probe)
    udp_bind                                 0x080061dd   Thumb Code   148  udp.o(i.udp_bind)
    udp_input                                0x08006275   Thumb Code   364  udp.o(i.udp_input)
    udp_sendto_if                            0x080063ed   Thumb Code   182  udp.o(i.udp_sendto_if)
    tcp_persist_backoff                      0x080064c8   Data           7  tcp.o(.constdata)
    tcp_state_str                            0x080064d0   Data          44  tcp.o(.constdata)
    tcp_backoff                              0x080064fc   Data          13  tcp.o(.constdata)
    tcp_pcb_lists                            0x0800650c   Data          16  tcp.o(.constdata)
    ip_addr_broadcast                        0x0800651c   Data           4  ip_addr.o(.constdata)
    ethbroadcast                             0x08006520   Data           6  etharp.o(.constdata)
    ethzero                                  0x08006526   Data           6  etharp.o(.constdata)
    COM_TX_PIN                               0x0800652c   Data           2  stm324x7i_eval.o(.constdata)
    COM_RX_PIN                               0x0800652e   Data           2  stm324x7i_eval.o(.constdata)
    COM_TX_PIN_SOURCE                        0x08006530   Data           2  stm324x7i_eval.o(.constdata)
    COM_RX_PIN_SOURCE                        0x08006532   Data           2  stm324x7i_eval.o(.constdata)
    COM_TX_AF                                0x08006534   Data           2  stm324x7i_eval.o(.constdata)
    COM_RX_AF                                0x08006536   Data           2  stm324x7i_eval.o(.constdata)
    COM_USART_CLK                            0x08006538   Data           4  stm324x7i_eval.o(.constdata)
    COM_TX_PORT_CLK                          0x0800653c   Data           4  stm324x7i_eval.o(.constdata)
    COM_RX_PORT_CLK                          0x08006540   Data           4  stm324x7i_eval.o(.constdata)
    BUTTON_PIN                               0x08006544   Data           6  stm324x7i_eval.o(.constdata)
    BUTTON_EXTI_LINE                         0x0800654a   Data           6  stm324x7i_eval.o(.constdata)
    BUTTON_PORT_SOURCE                       0x08006550   Data           6  stm324x7i_eval.o(.constdata)
    BUTTON_PIN_SOURCE                        0x08006556   Data           6  stm324x7i_eval.o(.constdata)
    BUTTON_IRQn                              0x0800655c   Data           6  stm324x7i_eval.o(.constdata)
    GPIO_PIN                                 0x08006562   Data           8  stm324x7i_eval.o(.constdata)
    GPIO_CLK                                 0x0800656c   Data          16  stm324x7i_eval.o(.constdata)
    BUTTON_CLK                               0x0800657c   Data          12  stm324x7i_eval.o(.constdata)
    ASCII16x24_Table                         0x08006588   Data        4560  stm324x7i_eval_lcd.o(.constdata)
    Region$$Table$$Base                      0x080077d0   Number         0  anon$$obj.o(Region$$Table)
    Region$$Table$$Limit                     0x080077f0   Number         0  anon$$obj.o(Region$$Table)
    LocalTime                                0x20000000   Data           4  main.o(.data)
    timingdelay                              0x20000004   Data           4  main.o(.data)
    TCPTimer                                 0x20000008   Data           4  netconf.o(.data)
    ARPTimer                                 0x2000000c   Data           4  netconf.o(.data)
    EthLinkStatus                            0x20000010   Data           1  stm32f4x7_eth_bsp.o(.data)
    EthStatus                                0x20000014   Data           4  stm32f4x7_eth_bsp.o(.data)
    message_count                            0x20000018   Data           4  tcp_echoclient.o(.data)
    echoclient_pcb                           0x2000001c   Data           4  tcp_echoclient.o(.data)
    netif_list                               0x20000034   Data           4  netif.o(.data)
    netif_default                            0x20000038   Data           4  netif.o(.data)
    tcp_active_pcbs_changed                  0x20000040   Data           1  tcp.o(.data)
    tcp_ticks                                0x2000004c   Data           4  tcp.o(.data)
    tcp_bound_pcbs                           0x20000050   Data           4  tcp.o(.data)
    tcp_listen_pcbs                          0x20000054   Data           4  tcp.o(.data)
    tcp_active_pcbs                          0x20000058   Data           4  tcp.o(.data)
    tcp_tw_pcbs                              0x2000005c   Data           4  tcp.o(.data)
    tcp_tmp_pcb                              0x20000060   Data           4  tcp.o(.data)
    tcp_input_pcb                            0x2000007c   Data           4  tcp_in.o(.data)
    udp_pcbs                                 0x20000084   Data           4  udp.o(.data)
    current_netif                            0x2000008c   Data           4  ip.o(.data)
    current_header                           0x20000090   Data           4  ip.o(.data)
    current_iphdr_src                        0x20000094   Data           4  ip.o(.data)
    current_iphdr_dest                       0x20000098   Data           4  ip.o(.data)
    DMATxDescToSet                           0x200000b8   Data           4  stm32f4x7_eth.o(.data)
    DMARxDescToGet                           0x200000bc   Data           4  stm32f4x7_eth.o(.data)
    DMA_RX_FRAME_infos                       0x200000c0   Data           4  stm32f4x7_eth.o(.data)
    COM_USART                                0x200000c4   Data           4  stm324x7i_eval.o(.data)
    COM_TX_PORT                              0x200000c8   Data           4  stm324x7i_eval.o(.data)
    COM_RX_PORT                              0x200000cc   Data           4  stm324x7i_eval.o(.data)
    NVIC_InitStructure                       0x200000d0   Data           4  stm324x7i_eval.o(.data)
    GPIO_PORT                                0x200000d4   Data          16  stm324x7i_eval.o(.data)
    BUTTON_PORT                              0x200000e4   Data          12  stm324x7i_eval.o(.data)
    TextColor                                0x200000f0   Data           2  stm324x7i_eval_lcd.o(.data)
    BackColor                                0x200000f2   Data           2  stm324x7i_eval_lcd.o(.data)
    Font16x24                                0x200000f8   Data           8  stm324x7i_eval_lcd.o(.data)
    gnetif                                   0x20000100   Data          56  netconf.o(.bss)
    ETH_InitStructure                        0x20000138   Data         188  stm32f4x7_eth_bsp.o(.bss)
    data                                     0x200001f4   Data         100  tcp_echoclient.o(.bss)
    ram_heap                                 0x20000258   Data       10260  mem.o(.bss)
    DMARxDscrTab                             0x20004d1c   Data         128  stm32f4x7_eth.o(.bss)
    DMATxDscrTab                             0x20004d9c   Data         128  stm32f4x7_eth.o(.bss)
    Rx_Buff                                  0x20004e1c   Data        6096  stm32f4x7_eth.o(.bss)
    Tx_Buff                                  0x200065ec   Data        6096  stm32f4x7_eth.o(.bss)
    RX_Frame_Descriptor                      0x20007dbc   Data          12  stm32f4x7_eth.o(.bss)
    __initial_sp                             0x200081c8   Data           0  startup_stm32f427x.o(STACK)



==============================================================================

Memory Map of the image

  Image Entry point : 0x0800019d

  Load Region LR_IROM1 (Base: 0x08000000, Size: 0x000078f0, Max: 0x00200000, ABSOLUTE)

    Execution Region ER_IROM1 (Exec base: 0x08000000, Load base: 0x08000000, Size: 0x000077f0, Max: 0x00200000, ABSOLUTE)

    Exec Addr    Load Addr    Size         Type   Attr      Idx    E Section Name        Object

    0x08000000   0x08000000   0x0000019c   Data   RO          143    RESET               startup_stm32f427x.o
    0x0800019c   0x0800019c   0x00000000   Code   RO         5035  * .ARM.Collect$$$$00000000  mc_w.l(entry.o)
    0x0800019c   0x0800019c   0x00000004   Code   RO         5317    .ARM.Collect$$$$00000001  mc_w.l(entry2.o)
    0x080001a0   0x080001a0   0x00000004   Code   RO         5320    .ARM.Collect$$$$00000004  mc_w.l(entry5.o)
    0x080001a4   0x080001a4   0x00000000   Code   RO         5322    .ARM.Collect$$$$00000008  mc_w.l(entry7b.o)
    0x080001a4   0x080001a4   0x00000000   Code   RO         5324    .ARM.Collect$$$$0000000A  mc_w.l(entry8b.o)
    0x080001a4   0x080001a4   0x00000008   Code   RO         5325    .ARM.Collect$$$$0000000B  mc_w.l(entry9a.o)
    0x080001ac   0x080001ac   0x00000000   Code   RO         5327    .ARM.Collect$$$$0000000D  mc_w.l(entry10a.o)
    0x080001ac   0x080001ac   0x00000000   Code   RO         5329    .ARM.Collect$$$$0000000F  mc_w.l(entry11a.o)
    0x080001ac   0x080001ac   0x00000004   Code   RO         5318    .ARM.Collect$$$$00002712  mc_w.l(entry2.o)
    0x080001b0   0x080001b0   0x00000024   Code   RO          144    .text               startup_stm32f427x.o
    0x080001d4   0x080001d4   0x00000024   Code   RO         5038    .text               mc_w.l(memcpya.o)
    0x080001f8   0x080001f8   0x00000024   Code   RO         5040    .text               mc_w.l(memseta.o)
    0x0800021c   0x0800021c   0x0000000e   Code   RO         5042    .text               mc_w.l(strlen.o)
    0x0800022a   0x0800022a   0x0000001a   Code   RO         5044    .text               mc_w.l(memcmp.o)
    0x08000244   0x08000244   0x0000002c   Code   RO         5334    .text               mc_w.l(uidiv.o)
    0x08000270   0x08000270   0x00000024   Code   RO         5349    .text               mc_w.l(init.o)
    0x08000294   0x08000294   0x00000002   Code   RO          602    i.BusFault_Handler  stm32f4xx_it.o
    0x08000296   0x08000296   0x00000002   Code   RO          603    i.DebugMon_Handler  stm32f4xx_it.o
    0x08000298   0x08000298   0x00000014   Code   RO          150    i.Delay             main.o
    0x080002ac   0x080002ac   0x00000074   Code   RO          517    i.ETH_BSP_Config    stm32f4x7_eth_bsp.o
    0x08000320   0x08000320   0x00000070   Code   RO         4134    i.ETH_CheckFrameReceived  stm32f4x7_eth.o
    0x08000390   0x08000390   0x0000001c   Code   RO         4138    i.ETH_DMAReceptionCmd  stm32f4x7_eth.o
    0x080003ac   0x080003ac   0x00000058   Code   RO         4139    i.ETH_DMARxDescChainInit  stm32f4x7_eth.o
    0x08000404   0x08000404   0x0000001c   Code   RO         4141    i.ETH_DMATransmissionCmd  stm32f4x7_eth.o
    0x08000420   0x08000420   0x00000048   Code   RO         4144    i.ETH_DMATxDescChainInit  stm32f4x7_eth.o
    0x08000468   0x08000468   0x00000008   Code   RO         4145    i.ETH_DMATxDescChecksumInsertionConfig  stm32f4x7_eth.o
    0x08000470   0x08000470   0x00000018   Code   RO         4150    i.ETH_DeInit        stm32f4x7_eth.o
    0x08000488   0x08000488   0x00000020   Code   RO         4152    i.ETH_FlushTransmitFIFO  stm32f4x7_eth.o
    0x080004a8   0x080004a8   0x00000164   Code   RO          518    i.ETH_GPIO_Config   stm32f4x7_eth_bsp.o
    0x0800060c   0x0800060c   0x00000014   Code   RO         4178    i.ETH_GetSoftwareResetStatus  stm32f4x7_eth.o
    0x08000620   0x08000620   0x00000024   Code   RO         4180    i.ETH_Get_Received_Frame  stm32f4x7_eth.o
    0x08000644   0x08000644   0x0000029c   Code   RO         4183    i.ETH_Init          stm32f4x7_eth.o
    0x080008e0   0x080008e0   0x0000001c   Code   RO         4185    i.ETH_MACAddressConfig  stm32f4x7_eth.o
    0x080008fc   0x080008fc   0x00000084   Code   RO          519    i.ETH_MACDMA_Config  stm32f4x7_eth_bsp.o
    0x08000980   0x08000980   0x00000030   Code   RO         4190    i.ETH_MACReceptionCmd  stm32f4x7_eth.o
    0x080009b0   0x080009b0   0x00000030   Code   RO         4191    i.ETH_MACTransmissionCmd  stm32f4x7_eth.o
    0x080009e0   0x080009e0   0x000000b0   Code   RO         4202    i.ETH_Prepare_Transmit_Descriptors  stm32f4x7_eth.o
    0x08000a90   0x08000a90   0x00000058   Code   RO         4203    i.ETH_ReadPHYRegister  stm32f4x7_eth.o
    0x08000ae8   0x08000ae8   0x00000010   Code   RO         4211    i.ETH_SoftwareReset  stm32f4x7_eth.o
    0x08000af8   0x08000af8   0x00000022   Code   RO         4212    i.ETH_Start         stm32f4x7_eth.o
    0x08000b1a   0x08000b1a   0x00000022   Code   RO         4213    i.ETH_Stop          stm32f4x7_eth.o
    0x08000b3c   0x08000b3c   0x00000088   Code   RO         4214    i.ETH_StructInit    stm32f4x7_eth.o
    0x08000bc4   0x08000bc4   0x00000054   Code   RO         4216    i.ETH_WritePHYRegister  stm32f4x7_eth.o
    0x08000c18   0x08000c18   0x00000264   Code   RO          520    i.ETH_link_callback  stm32f4x7_eth_bsp.o
    0x08000e7c   0x08000e7c   0x00000044   Code   RO          604    i.EXTI15_10_IRQHandler  stm32f4xx_it.o
    0x08000ec0   0x08000ec0   0x0000000c   Code   RO         2886    i.EXTI_ClearITPendingBit  stm32f4xx_exti.o
    0x08000ecc   0x08000ecc   0x00000020   Code   RO         2890    i.EXTI_GetITStatus  stm32f4xx_exti.o
    0x08000eec   0x08000eec   0x00000070   Code   RO         2891    i.EXTI_Init         stm32f4xx_exti.o
    0x08000f5c   0x08000f5c   0x00000068   Code   RO          521    i.Eth_Link_EXTIConfig  stm32f4x7_eth_bsp.o
    0x08000fc4   0x08000fc4   0x00000040   Code   RO          522    i.Eth_Link_ITHandler  stm32f4x7_eth_bsp.o
    0x08001004   0x08001004   0x00000036   Code   RO          523    i.Eth_Link_PHYITConfig  stm32f4x7_eth_bsp.o
    0x0800103a   0x0800103a   0x00000002   PAD
    0x0800103c   0x0800103c   0x00000020   Code   RO         3164    i.FSMC_NORSRAMCmd   stm32f4xx_fsmc.o
    0x0800105c   0x0800105c   0x000000c8   Code   RO         3166    i.FSMC_NORSRAMInit  stm32f4xx_fsmc.o
    0x08001124   0x08001124   0x000000a2   Code   RO         3282    i.GPIO_Init         stm32f4xx_gpio.o
    0x080011c6   0x080011c6   0x00000020   Code   RO         3283    i.GPIO_PinAFConfig  stm32f4xx_gpio.o
    0x080011e6   0x080011e6   0x00000002   Code   RO          605    i.HardFault_Handler  stm32f4xx_it.o
    0x080011e8   0x080011e8   0x00000026   Code   RO         4763    i.LCD_Clear         stm324x7i_eval_lcd.o
    0x0800120e   0x0800120e   0x00000002   PAD
    0x08001210   0x08001210   0x00000030   Code   RO         4764    i.LCD_ClearLine     stm324x7i_eval_lcd.o
    0x08001240   0x08001240   0x00000134   Code   RO         4767    i.LCD_CtrlLinesConfig  stm324x7i_eval_lcd.o
    0x08001374   0x08001374   0x00000020   Code   RO         4769    i.LCD_DisplayChar   stm324x7i_eval_lcd.o
    0x08001394   0x08001394   0x00000038   Code   RO         4772    i.LCD_DisplayStringLine  stm324x7i_eval_lcd.o
    0x080013cc   0x080013cc   0x0000007c   Code   RO         4773    i.LCD_DrawChar      stm324x7i_eval_lcd.o
    0x08001448   0x08001448   0x00000058   Code   RO         4781    i.LCD_FSMCConfig    stm324x7i_eval_lcd.o
    0x080014a0   0x080014a0   0x0000000c   Code   RO         4784    i.LCD_GetFont       stm324x7i_eval_lcd.o
    0x080014ac   0x080014ac   0x00000410   Code   RO         4785    i.LCD_Init          stm324x7i_eval_lcd.o
    0x080018bc   0x080018bc   0x00000084   Code   RO          151    i.LCD_LED_BUTTON_Init  main.o
    0x08001940   0x08001940   0x0000000a   Code   RO         4791    i.LCD_ReadReg       stm324x7i_eval_lcd.o
    0x0800194a   0x0800194a   0x00000002   PAD
    0x0800194c   0x0800194c   0x00000010   Code   RO         4792    i.LCD_SetBackColor  stm324x7i_eval_lcd.o
    0x0800195c   0x0800195c   0x00000018   Code   RO         4794    i.LCD_SetCursor     stm324x7i_eval_lcd.o
    0x08001974   0x08001974   0x00000010   Code   RO         4797    i.LCD_SetTextColor  stm324x7i_eval_lcd.o
    0x08001984   0x08001984   0x0000000a   Code   RO         4802    i.LCD_WriteReg      stm324x7i_eval_lcd.o
    0x0800198e   0x0800198e   0x00000002   PAD
    0x08001990   0x08001990   0x00000148   Code   RO          380    i.LwIP_Init         netconf.o
    0x08001ad8   0x08001ad8   0x00000038   Code   RO          381    i.LwIP_Periodic_Handle  netconf.o
    0x08001b10   0x08001b10   0x0000000c   Code   RO          382    i.LwIP_Pkt_Handle   netconf.o
    0x08001b1c   0x08001b1c   0x00000002   Code   RO          606    i.MemManage_Handler  stm32f4xx_it.o
    0x08001b1e   0x08001b1e   0x00000002   Code   RO          607    i.NMI_Handler       stm32f4xx_it.o
    0x08001b20   0x08001b20   0x00000064   Code   RO         2471    i.NVIC_Init         misc.o
    0x08001b84   0x08001b84   0x00000014   Code   RO         2472    i.NVIC_PriorityGroupConfig  misc.o
    0x08001b98   0x08001b98   0x00000020   Code   RO          524    i.NVIC_SetPriority  stm32f4x7_eth_bsp.o
    0x08001bb8   0x08001bb8   0x00000018   Code   RO         3379    i.RCC_AHB1PeriphClockCmd  stm32f4xx_rcc.o
    0x08001bd0   0x08001bd0   0x00000018   Code   RO         3381    i.RCC_AHB1PeriphResetCmd  stm32f4xx_rcc.o
    0x08001be8   0x08001be8   0x00000018   Code   RO         3385    i.RCC_AHB3PeriphClockCmd  stm32f4xx_rcc.o
    0x08001c00   0x08001c00   0x00000018   Code   RO         3391    i.RCC_APB2PeriphClockCmd  stm32f4xx_rcc.o
    0x08001c18   0x08001c18   0x00000094   Code   RO         3400    i.RCC_GetClocksFreq  stm32f4xx_rcc.o
    0x08001cac   0x08001cac   0x00000048   Code   RO         4662    i.STM_EVAL_LEDInit  stm324x7i_eval.o
    0x08001cf4   0x08001cf4   0x00000018   Code   RO         4664    i.STM_EVAL_LEDOn    stm324x7i_eval.o
    0x08001d0c   0x08001d0c   0x000000a4   Code   RO         4667    i.STM_EVAL_PBInit   stm324x7i_eval.o
    0x08001db0   0x08001db0   0x0000000c   Code   RO         3861    i.SYSCFG_ETH_MediaInterfaceConfig  stm32f4xx_syscfg.o
    0x08001dbc   0x08001dbc   0x00000030   Code   RO         3862    i.SYSCFG_EXTILineConfig  stm32f4xx_syscfg.o
    0x08001dec   0x08001dec   0x000000cc   Code   RO            3    i.SetSysClock       system_stm32f4xx.o
    0x08001eb8   0x08001eb8   0x00000018   Code   RO         2475    i.SysTick_CLKSourceConfig  misc.o
    0x08001ed0   0x08001ed0   0x00000004   Code   RO          608    i.SysTick_Handler   stm32f4xx_it.o
    0x08001ed4   0x08001ed4   0x0000005c   Code   RO            5    i.SystemInit        system_stm32f4xx.o
    0x08001f30   0x08001f30   0x00000010   Code   RO          152    i.Time_Update       main.o
    0x08001f40   0x08001f40   0x00000002   Code   RO          609    i.UsageFault_Handler  stm32f4xx_it.o
    0x08001f42   0x08001f42   0x00000002   PAD
    0x08001f44   0x08001f44   0x00000028   Code   RO         5095    i.__0sprintf$1      mc_w.l(printf1.o)
    0x08001f6c   0x08001f6c   0x0000000e   Code   RO         5361    i.__scatterload_copy  mc_w.l(handlers.o)
    0x08001f7a   0x08001f7a   0x00000002   Code   RO         5362    i.__scatterload_null  mc_w.l(handlers.o)
    0x08001f7c   0x08001f7c   0x0000000e   Code   RO         5363    i.__scatterload_zeroinit  mc_w.l(handlers.o)
    0x08001f8a   0x08001f8a   0x00000002   PAD
    0x08001f8c   0x08001f8c   0x00000154   Code   RO         5100    i._printf_core      mc_w.l(printf1.o)
    0x080020e0   0x080020e0   0x0000000a   Code   RO         5102    i._sputc            mc_w.l(printf1.o)
    0x080020ea   0x080020ea   0x00000002   PAD
    0x080020ec   0x080020ec   0x0000001c   Code   RO         4804    i.delay             stm324x7i_eval_lcd.o
    0x08002108   0x08002108   0x0000001e   Code   RO          825    i.dhcp_arp_reply    dhcp.o
    0x08002126   0x08002126   0x00000002   PAD
    0x08002128   0x08002128   0x00000124   Code   RO          830    i.dhcp_create_msg   dhcp.o
    0x0800224c   0x0800224c   0x00000078   Code   RO          831    i.dhcp_decline      dhcp.o
    0x080022c4   0x080022c4   0x00000016   Code   RO          832    i.dhcp_delete_msg   dhcp.o
    0x080022da   0x080022da   0x00000002   PAD
    0x080022dc   0x080022dc   0x000000bc   Code   RO          833    i.dhcp_discover     dhcp.o
    0x08002398   0x08002398   0x00000046   Code   RO          837    i.dhcp_network_changed  dhcp.o
    0x080023de   0x080023de   0x00000020   Code   RO          838    i.dhcp_option       dhcp.o
    0x080023fe   0x080023fe   0x00000010   Code   RO          839    i.dhcp_option_byte  dhcp.o
    0x0800240e   0x0800240e   0x00000042   Code   RO          840    i.dhcp_option_long  dhcp.o
    0x08002450   0x08002450   0x00000022   Code   RO          841    i.dhcp_option_short  dhcp.o
    0x08002472   0x08002472   0x0000002c   Code   RO          842    i.dhcp_option_trailer  dhcp.o
    0x0800249e   0x0800249e   0x00000002   PAD
    0x080024a0   0x080024a0   0x000000a0   Code   RO          845    i.dhcp_reboot       dhcp.o
    0x08002540   0x08002540   0x00000010   Code   RO          850    i.dhcp_set_state    dhcp.o
    0x08002550   0x08002550   0x000000ce   Code   RO         2106    i.etharp_arp_input  etharp.o
    0x0800261e   0x0800261e   0x00000002   PAD
    0x08002620   0x08002620   0x00000030   Code   RO         2107    i.etharp_cleanup_netif  etharp.o
    0x08002650   0x08002650   0x000000dc   Code   RO         2109    i.etharp_find_entry  etharp.o
    0x0800272c   0x0800272c   0x00000024   Code   RO         2110    i.etharp_free_entry  etharp.o
    0x08002750   0x08002750   0x00000104   Code   RO         2111    i.etharp_output     etharp.o
    0x08002854   0x08002854   0x00000044   Code   RO         2112    i.etharp_output_to_arp_index  etharp.o
    0x08002898   0x08002898   0x000000ec   Code   RO         2113    i.etharp_query      etharp.o
    0x08002984   0x08002984   0x000000a0   Code   RO         2114    i.etharp_raw        etharp.o
    0x08002a24   0x08002a24   0x00000024   Code   RO         2115    i.etharp_request    etharp.o
    0x08002a48   0x08002a48   0x00000020   Code   RO         2116    i.etharp_send_ip    etharp.o
    0x08002a68   0x08002a68   0x00000048   Code   RO         2117    i.etharp_tmr        etharp.o
    0x08002ab0   0x08002ab0   0x0000007c   Code   RO         2118    i.etharp_update_arp_entry  etharp.o
    0x08002b2c   0x08002b2c   0x00000090   Code   RO         2119    i.ethernet_input    etharp.o
    0x08002bbc   0x08002bbc   0x00000028   Code   RO         2199    i.ethernetif_init   ethernetif.o
    0x08002be4   0x08002be4   0x00000026   Code   RO         2200    i.ethernetif_input  ethernetif.o
    0x08002c0a   0x08002c0a   0x00000008   Code   RO         1871    i.icmp_dest_unreach  icmp.o
    0x08002c12   0x08002c12   0x00000002   PAD
    0x08002c14   0x08002c14   0x000000fc   Code   RO         1872    i.icmp_input        icmp.o
    0x08002d10   0x08002d10   0x00000064   Code   RO         1873    i.icmp_send_response  icmp.o
    0x08002d74   0x08002d74   0x00000008   Code   RO         1874    i.icmp_time_exceeded  icmp.o
    0x08002d7c   0x08002d7c   0x0000000c   Code   RO         1919    i.inet_chksum       inet_chksum.o
    0x08002d88   0x08002d88   0x00000048   Code   RO         1920    i.inet_chksum_pbuf  inet_chksum.o
    0x08002dd0   0x08002dd0   0x0000002e   Code   RO         1996    i.ip4_addr_isbroadcast  ip_addr.o
    0x08002dfe   0x08002dfe   0x00000002   PAD
    0x08002e00   0x08002e00   0x00000164   Code   RO         2050    i.ip_frag           ip_frag.o
    0x08002f64   0x08002f64   0x00000008   Code   RO         2051    i.ip_frag_free_pbuf_custom_ref  ip_frag.o
    0x08002f6c   0x08002f6c   0x0000017c   Code   RO         1957    i.ip_input          ip.o
    0x080030e8   0x080030e8   0x00000034   Code   RO         1958    i.ip_output         ip.o
    0x0800311c   0x0800311c   0x000000a8   Code   RO         1959    i.ip_output_if      ip.o
    0x080031c4   0x080031c4   0x0000018c   Code   RO         2052    i.ip_reass          ip_frag.o
    0x08003350   0x08003350   0x000000e8   Code   RO         2053    i.ip_reass_chain_frag_into_datagram_and_validate  ip_frag.o
    0x08003438   0x08003438   0x00000024   Code   RO         2054    i.ip_reass_dequeue_datagram  ip_frag.o
    0x0800345c   0x0800345c   0x00000070   Code   RO         2055    i.ip_reass_free_complete_datagram  ip_frag.o
    0x080034cc   0x080034cc   0x0000006c   Code   RO         2056    i.ip_reass_remove_oldest_datagram  ip_frag.o
    0x08003538   0x08003538   0x00000040   Code   RO         1960    i.ip_route          ip.o
    0x08003578   0x08003578   0x00000016   Code   RO         2058    i.ipfrag_free_pbuf_custom  ip_frag.o
    0x0800358e   0x0800358e   0x00000002   PAD
    0x08003590   0x08003590   0x00000080   Code   RO         2201    i.low_level_init    ethernetif.o
    0x08003610   0x08003610   0x000000b0   Code   RO         2202    i.low_level_input   ethernetif.o
    0x080036c0   0x080036c0   0x000000b0   Code   RO         2203    i.low_level_output  ethernetif.o
    0x08003770   0x08003770   0x00000004   Code   RO         2239    i.lwip_htonl        def.o
    0x08003774   0x08003774   0x00000004   Code   RO         2240    i.lwip_htons        def.o
    0x08003778   0x08003778   0x00000004   Code   RO         2241    i.lwip_ntohl        def.o
    0x0800377c   0x0800377c   0x00000004   Code   RO         2242    i.lwip_ntohs        def.o
    0x08003780   0x08003780   0x00000058   Code   RO         1923    i.lwip_standard_chksum  inet_chksum.o
    0x080037d8   0x080037d8   0x00000030   Code   RO          153    i.main              main.o
    0x08003808   0x08003808   0x0000002c   Code   RO         1051    i.mem_free          mem.o
    0x08003834   0x08003834   0x00000034   Code   RO         1052    i.mem_init          mem.o
    0x08003868   0x08003868   0x000000a8   Code   RO         1053    i.mem_malloc        mem.o
    0x08003910   0x08003910   0x000000cc   Code   RO         1054    i.mem_trim          mem.o
    0x080039dc   0x080039dc   0x00000018   Code   RO         1095    i.memp_free         memp.o
    0x080039f4   0x080039f4   0x00000058   Code   RO         1096    i.memp_init         memp.o
    0x08003a4c   0x08003a4c   0x00000020   Code   RO         1097    i.memp_malloc       memp.o
    0x08003a6c   0x08003a6c   0x0000004c   Code   RO         1137    i.netif_add         netif.o
    0x08003ab8   0x08003ab8   0x00000020   Code   RO         1141    i.netif_set_addr    netif.o
    0x08003ad8   0x08003ad8   0x0000000c   Code   RO         1142    i.netif_set_default  netif.o
    0x08003ae4   0x08003ae4   0x0000001a   Code   RO         1143    i.netif_set_down    netif.o
    0x08003afe   0x08003afe   0x00000008   Code   RO         1144    i.netif_set_gw      netif.o
    0x08003b06   0x08003b06   0x00000002   PAD
    0x08003b08   0x08003b08   0x00000068   Code   RO         1145    i.netif_set_ipaddr  netif.o
    0x08003b70   0x08003b70   0x00000008   Code   RO         1146    i.netif_set_link_callback  netif.o
    0x08003b78   0x08003b78   0x0000001a   Code   RO         1147    i.netif_set_link_down  netif.o
    0x08003b92   0x08003b92   0x00000042   Code   RO         1148    i.netif_set_link_up  netif.o
    0x08003bd4   0x08003bd4   0x00000008   Code   RO         1149    i.netif_set_netmask  netif.o
    0x08003bdc   0x08003bdc   0x00000020   Code   RO         1150    i.netif_set_up      netif.o
    0x08003bfc   0x08003bfc   0x00000118   Code   RO         1233    i.pbuf_alloc        pbuf.o
    0x08003d14   0x08003d14   0x00000054   Code   RO         1234    i.pbuf_alloced_custom  pbuf.o
    0x08003d68   0x08003d68   0x00000028   Code   RO         1235    i.pbuf_cat          pbuf.o
    0x08003d90   0x08003d90   0x00000012   Code   RO         1236    i.pbuf_chain        pbuf.o
    0x08003da2   0x08003da2   0x00000012   Code   RO         1237    i.pbuf_clen         pbuf.o
    0x08003db4   0x08003db4   0x0000009a   Code   RO         1239    i.pbuf_copy         pbuf.o
    0x08003e4e   0x08003e4e   0x00000068   Code   RO         1240    i.pbuf_copy_partial  pbuf.o
    0x08003eb6   0x08003eb6   0x00000050   Code   RO         1242    i.pbuf_free         pbuf.o
    0x08003f06   0x08003f06   0x00000060   Code   RO         1244    i.pbuf_header       pbuf.o
    0x08003f66   0x08003f66   0x0000004e   Code   RO         1247    i.pbuf_realloc      pbuf.o
    0x08003fb4   0x08003fb4   0x0000000c   Code   RO         1248    i.pbuf_ref          pbuf.o
    0x08003fc0   0x08003fc0   0x0000004e   Code   RO         1250    i.pbuf_take         pbuf.o
    0x0800400e   0x0800400e   0x00000002   PAD
    0x08004010   0x08004010   0x00000054   Code   RO         1055    i.plug_holes        mem.o
    0x08004064   0x08004064   0x00000074   Code   RO         1351    i.raw_input         raw.o
    0x080040d8   0x080040d8   0x0000008c   Code   RO         1417    i.tcp_abandon       tcp.o
    0x08004164   0x08004164   0x00000006   Code   RO         1418    i.tcp_abort         tcp.o
    0x0800416a   0x0800416a   0x00000002   PAD
    0x0800416c   0x0800416c   0x000000f8   Code   RO         1421    i.tcp_alloc         tcp.o
    0x08004264   0x08004264   0x00000004   Code   RO         1422    i.tcp_arg           tcp.o
    0x08004268   0x08004268   0x00000014   Code   RO         1424    i.tcp_close         tcp.o
    0x0800427c   0x0800427c   0x00000128   Code   RO         1425    i.tcp_close_shutdown  tcp.o
    0x080043a4   0x080043a4   0x000000f4   Code   RO         1426    i.tcp_connect       tcp.o
    0x08004498   0x08004498   0x0000009a   Code   RO         1684    i.tcp_create_segment  tcp_out.o
    0x08004532   0x08004532   0x00000002   PAD
    0x08004534   0x08004534   0x00000034   Code   RO          692    i.tcp_echoclient_connect  tcp_echoclient.o
    0x08004568   0x08004568   0x000000c8   Code   RO          693    i.tcp_echoclient_connected  tcp_echoclient.o
    0x08004630   0x08004630   0x00000030   Code   RO          694    i.tcp_echoclient_connection_close  tcp_echoclient.o
    0x08004660   0x08004660   0x00000030   Code   RO          695    i.tcp_echoclient_poll  tcp_echoclient.o
    0x08004690   0x08004690   0x0000006c   Code   RO          696    i.tcp_echoclient_recv  tcp_echoclient.o
    0x080046fc   0x080046fc   0x0000003e   Code   RO          697    i.tcp_echoclient_send  tcp_echoclient.o
    0x0800473a   0x0800473a   0x00000014   Code   RO          698    i.tcp_echoclient_sent  tcp_echoclient.o
    0x0800474e   0x0800474e   0x00000020   Code   RO         1428    i.tcp_eff_send_mss  tcp.o
    0x0800476e   0x0800476e   0x000000a6   Code   RO         1685    i.tcp_enqueue_flags  tcp_out.o
    0x08004814   0x08004814   0x00000060   Code   RO         1430    i.tcp_fasttmr       tcp.o
    0x08004874   0x08004874   0x00000314   Code   RO         1633    i.tcp_input         tcp_in.o
    0x08004b88   0x08004b88   0x0000003c   Code   RO         1686    i.tcp_keepalive     tcp_out.o
    0x08004bc4   0x08004bc4   0x000000e4   Code   RO         1634    i.tcp_listen_input  tcp_in.o
    0x08004ca8   0x08004ca8   0x00000006   Code   RO         1433    i.tcp_new           tcp.o
    0x08004cae   0x08004cae   0x00000002   PAD
    0x08004cb0   0x08004cb0   0x0000005c   Code   RO         1434    i.tcp_new_port      tcp.o
    0x08004d0c   0x08004d0c   0x00000010   Code   RO         1435    i.tcp_next_iss      tcp.o
    0x08004d1c   0x08004d1c   0x0000018c   Code   RO         1687    i.tcp_output        tcp_out.o
    0x08004ea8   0x08004ea8   0x0000006a   Code   RO         1688    i.tcp_output_alloc_header  tcp_out.o
    0x08004f12   0x08004f12   0x00000002   PAD
    0x08004f14   0x08004f14   0x000000b0   Code   RO         1689    i.tcp_output_segment  tcp_out.o
    0x08004fc4   0x08004fc4   0x00000080   Code   RO         1635    i.tcp_parseopt      tcp_in.o
    0x08005044   0x08005044   0x0000004e   Code   RO         1690    i.tcp_pbuf_prealloc  tcp_out.o
    0x08005092   0x08005092   0x0000003a   Code   RO         1436    i.tcp_pcb_purge     tcp.o
    0x080050cc   0x080050cc   0x00000058   Code   RO         1437    i.tcp_pcb_remove    tcp.o
    0x08005124   0x08005124   0x0000000a   Code   RO         1438    i.tcp_poll          tcp.o
    0x0800512e   0x0800512e   0x00000002   PAD
    0x08005130   0x08005130   0x00000334   Code   RO         1636    i.tcp_process       tcp_in.o
    0x08005464   0x08005464   0x00000066   Code   RO         1439    i.tcp_process_refused_data  tcp.o
    0x080054ca   0x080054ca   0x00000002   PAD
    0x080054cc   0x080054cc   0x00000412   Code   RO         1637    i.tcp_receive       tcp_in.o
    0x080058de   0x080058de   0x00000004   Code   RO         1440    i.tcp_recv          tcp.o
    0x080058e2   0x080058e2   0x00000024   Code   RO         1441    i.tcp_recv_null     tcp.o
    0x08005906   0x08005906   0x00000038   Code   RO         1442    i.tcp_recved        tcp.o
    0x0800593e   0x0800593e   0x00000052   Code   RO         1691    i.tcp_rexmit        tcp_out.o
    0x08005990   0x08005990   0x00000058   Code   RO         1692    i.tcp_rexmit_fast   tcp_out.o
    0x080059e8   0x080059e8   0x0000002e   Code   RO         1693    i.tcp_rexmit_rto    tcp_out.o
    0x08005a16   0x08005a16   0x00000076   Code   RO         1694    i.tcp_rst           tcp_out.o
    0x08005a8c   0x08005a8c   0x0000001c   Code   RO         1443    i.tcp_seg_free      tcp.o
    0x08005aa8   0x08005aa8   0x00000012   Code   RO         1444    i.tcp_segs_free     tcp.o
    0x08005aba   0x08005aba   0x00000048   Code   RO         1695    i.tcp_send_empty_ack  tcp_out.o
    0x08005b02   0x08005b02   0x00000044   Code   RO         1696    i.tcp_send_fin      tcp_out.o
    0x08005b46   0x08005b46   0x00000004   Code   RO         1445    i.tcp_sent          tcp.o
    0x08005b4a   0x08005b4a   0x00000002   PAD
    0x08005b4c   0x08005b4c   0x0000025c   Code   RO         1448    i.tcp_slowtmr       tcp.o
    0x08005da8   0x08005da8   0x00000002   Code   RO         2269    i.tcp_timer_needed  timers.o
    0x08005daa   0x08005daa   0x00000002   PAD
    0x08005dac   0x08005dac   0x0000006c   Code   RO         1638    i.tcp_timewait_input  tcp_in.o
    0x08005e18   0x08005e18   0x00000020   Code   RO         1449    i.tcp_tmr           tcp.o
    0x08005e38   0x08005e38   0x00000034   Code   RO         1450    i.tcp_update_rcv_ann_wnd  tcp.o
    0x08005e6c   0x08005e6c   0x000002e4   Code   RO         1697    i.tcp_write         tcp_out.o
    0x08006150   0x08006150   0x0000008a   Code   RO         1698    i.tcp_zero_window_probe  tcp_out.o
    0x080061da   0x080061da   0x00000002   PAD
    0x080061dc   0x080061dc   0x00000098   Code   RO         1776    i.udp_bind          udp.o
    0x08006274   0x08006274   0x00000178   Code   RO         1780    i.udp_input         udp.o
    0x080063ec   0x080063ec   0x000000b6   Code   RO         1786    i.udp_sendto_if     udp.o
    0x080064a2   0x080064a2   0x00000024   Data   RO         1099    .constdata          memp.o
    0x080064c6   0x080064c6   0x00000002   PAD
    0x080064c8   0x080064c8   0x00000054   Data   RO         1451    .constdata          tcp.o
    0x0800651c   0x0800651c   0x00000004   Data   RO         2004    .constdata          ip_addr.o
    0x08006520   0x08006520   0x0000000c   Data   RO         2121    .constdata          etharp.o
    0x0800652c   0x0800652c   0x0000005c   Data   RO         4672    .constdata          stm324x7i_eval.o
    0x08006588   0x08006588   0x000011d0   Data   RO         4805    .constdata          stm324x7i_eval_lcd.o
    0x08007758   0x08007758   0x00000075   Data   RO         1452    .conststring        tcp.o
    0x080077cd   0x080077cd   0x00000003   PAD
    0x080077d0   0x080077d0   0x00000020   Data   RO         5359    Region$$Table       anon$$obj.o


    Execution Region RW_IRAM1 (Exec base: 0x20000000, Load base: 0x080077f0, Size: 0x000081c8, Max: 0x00030000, ABSOLUTE)

    Exec Addr    Load Addr    Size         Type   Attr      Idx    E Section Name        Object

    0x20000000   0x080077f0   0x00000008   Data   RW          154    .data               main.o
    0x20000008   0x080077f8   0x00000008   Data   RW          384    .data               netconf.o
    0x20000010   0x08007800   0x00000008   Data   RW          526    .data               stm32f4x7_eth_bsp.o
    0x20000018   0x08007808   0x00000008   Data   RW          701    .data               tcp_echoclient.o
    0x20000020   0x08007810   0x00000004   Data   RW          856    .data               dhcp.o
    0x20000024   0x08007814   0x0000000c   Data   RW         1057    .data               mem.o
    0x20000030   0x08007820   0x0000000c   Data   RW         1151    .data               netif.o
    0x2000003c   0x0800782c   0x00000004   Data   RW         1357    .data               raw.o
    0x20000040   0x08007830   0x00000024   Data   RW         1453    .data               tcp.o
    0x20000064   0x08007854   0x0000001c   Data   RW         1640    .data               tcp_in.o
    0x20000080   0x08007870   0x00000008   Data   RW         1787    .data               udp.o
    0x20000088   0x08007878   0x00000014   Data   RW         1961    .data               ip.o
    0x2000009c   0x0800788c   0x00000008   Data   RW         2059    .data               ip_frag.o
    0x200000a4   0x08007894   0x00000001   Data   RW         2122    .data               etharp.o
    0x200000a5   0x08007895   0x00000010   Data   RW         3424    .data               stm32f4xx_rcc.o
    0x200000b5   0x080078a5   0x00000003   PAD
    0x200000b8   0x080078a8   0x0000000c   Data   RW         4222    .data               stm32f4x7_eth.o
    0x200000c4   0x080078b4   0x0000002c   Data   RW         4673    .data               stm324x7i_eval.o
    0x200000f0   0x080078e0   0x00000010   Data   RW         4809    .data               stm324x7i_eval_lcd.o
    0x20000100        -       0x00000038   Zero   RW          383    .bss                netconf.o
    0x20000138        -       0x000000bc   Zero   RW          525    .bss                stm32f4x7_eth_bsp.o
    0x200001f4        -       0x00000064   Zero   RW          700    .bss                tcp_echoclient.o
    0x20000258        -       0x00002814   Zero   RW         1056    .bss                mem.o
    0x20002a6c        -       0x000021d7   Zero   RW         1098    .bss                memp.o
    0x20004c43   0x080078f0   0x00000001   PAD
    0x20004c44        -       0x00000010   Zero   RW         1639    .bss                tcp_in.o
    0x20004c54        -       0x000000c8   Zero   RW         2120    .bss                etharp.o
    0x20004d1c        -       0x00000080   Zero   RW         4217    .bss                stm32f4x7_eth.o
    0x20004d9c        -       0x00000080   Zero   RW         4218    .bss                stm32f4x7_eth.o
    0x20004e1c        -       0x000017d0   Zero   RW         4219    .bss                stm32f4x7_eth.o
    0x200065ec        -       0x000017d0   Zero   RW         4220    .bss                stm32f4x7_eth.o
    0x20007dbc        -       0x0000000c   Zero   RW         4221    .bss                stm32f4x7_eth.o
    0x20007dc8        -       0x00000400   Zero   RW          141    STACK               startup_stm32f427x.o


==============================================================================

Image component sizes


      Code (inc. data)   RO Data    RW Data    ZI Data      Debug   Object Name

        16          0          0          0          0       2832   def.o
      1090         24          0          4          0      11108   dhcp.o
      1642         62         12          1        200      15392   etharp.o
       558         44          0          0          0       5830   ethernetif.o
       368         10          0          0          0       3894   icmp.o
         0          0          0          0          0       3912   inet.o
       172          0          0          0          0       3061   inet_chksum.o
         0          0          0          0          0        812   init.o
       664         22          0         20          0       8073   ip.o
        46          0          4          0          0       7598   ip_addr.o
      1270         26          0          8          0       9581   ip_frag.o
       216         38          0          8          0       2723   main.o
       552         30          0         12      10260       5509   mem.o
       144         20         36          0       8663       4378   memp.o
       144         14          0          0          0       2441   misc.o
       396        130          0          8         56      26445   netconf.o
       398         18          0         12          0      10446   netif.o
      1042          0          0          0          0      11567   pbuf.o
       116         12          0          4          0       1808   raw.o
        36          8        412          0       1024        816   startup_stm32f427x.o
       260         26         92         44          0       8862   stm324x7i_eval.o
      1850         60       4560         16          0      13677   stm324x7i_eval_lcd.o
      1808        152          0         12      12460      16845   stm32f4x7_eth.o
      1470        192          0          8        188      70486   stm32f4x7_eth_bsp.o
       156         14          0          0          0       2572   stm32f4xx_exti.o
       232          6          0          0          0       2177   stm32f4xx_fsmc.o
       194          0          0          0          0       2063   stm32f4xx_gpio.o
        84          6          0          0          0       3862   stm32f4xx_it.o
       244         40          0         16          0       5808   stm32f4xx_rcc.o
        60         10          0          0          0       1422   stm32f4xx_syscfg.o
       296         40          0          0          0     268361   system_stm32f4xx.o
      2292         82        201         36          0      30273   tcp.o
       538         70          0          8        100      14234   tcp_echoclient.o
      3114        126          0         28         16      17263   tcp_in.o
      2488         10          0          0          0      16687   tcp_out.o
         2          0          0          0          0        551   timers.o
       710         16          0          8          0      13986   udp.o

    ----------------------------------------------------------------------
     24714       1308       5354        256      32968     627355   Object Totals
         0          0         32          0          0          0   (incl. Generated)
        46          0          5          3          1          0   (incl. Padding)

    ----------------------------------------------------------------------

      Code (inc. data)   RO Data    RW Data    ZI Data      Debug   Library Member Name

         0          0          0          0          0          0   entry.o
         0          0          0          0          0          0   entry10a.o
         0          0          0          0          0          0   entry11a.o
         8          4          0          0          0          0   entry2.o
         4          0          0          0          0          0   entry5.o
         0          0          0          0          0          0   entry7b.o
         0          0          0          0          0          0   entry8b.o
         8          4          0          0          0          0   entry9a.o
        30          0          0          0          0          0   handlers.o
        36          8          0          0          0         68   init.o
        26          0          0          0          0         80   memcmp.o
        36          0          0          0          0         68   memcpya.o
        36          0          0          0          0        108   memseta.o
       390         10          0          0          0        252   printf1.o
        14          0          0          0          0         68   strlen.o
        44          0          0          0          0         80   uidiv.o

    ----------------------------------------------------------------------
       636         26          0          0          0        724   Library Totals
         4          0          0          0          0          0   (incl. Padding)

    ----------------------------------------------------------------------

      Code (inc. data)   RO Data    RW Data    ZI Data      Debug   Library Name

       632         26          0          0          0        724   mc_w.l

    ----------------------------------------------------------------------
       636         26          0          0          0        724   Library Totals

    ----------------------------------------------------------------------

==============================================================================


      Code (inc. data)   RO Data    RW Data    ZI Data      Debug   

     25350       1334       5354        256      32968     606323   Grand Totals
     25350       1334       5354        256      32968     606323   ELF Image Totals
     25350       1334       5354        256          0          0   ROM Totals

==============================================================================

    Total RO  Size (Code + RO Data)                30704 (  29.98kB)
    Total RW  Size (RW Data + ZI Data)             33224 (  32.45kB)
    Total ROM Size (Code + RO Data + RW Data)      30960 (  30.23kB)

==============================================================================

